SQL> SELECT *
  2  FROM AREA;

       CAR AR                                                                   
---------- ------------------------------------------------------------         
        CD                                                                      
----------                                                                      
         1 ALGEBRA                                                              
         4                                                                      
                                                                                
         2 ANALISIS MATEMATICO                                                  
         1                                                                      
                                                                                
         3 ASTRONOMIA Y ASTROFISICA                                             
         2                                                                      
                                                                                

       CAR AR                                                                   
---------- ------------------------------------------------------------         
        CD                                                                      
----------                                                                      
         4 CIENCIAS DE LA COMPUTACION E INTELIGENCIA ARTIFICIAL                 
         3                                                                      
                                                                                
         5 DIDACTICA DE LA MATEMATICA                                           
         1                                                                      
                                                                                
         6 ESTADISTICA E INVESTIGACION OPERATIVA                                
         3                                                                      
                                                                                

       CAR AR                                                                   
---------- ------------------------------------------------------------         
        CD                                                                      
----------                                                                      
         7 LENGUAJES Y SISTEMAS INFORMATICOS                                    
         3                                                                      
                                                                                
         8 MATEMATICA APLICADA                                                  
         1                                                                      
                                                                                

8 rows selected.

SQL> SELECT A
  2  FROM ASIGNATURA
  3  
SQL> SELECT A
  2  FROM ASIGNATURA
  3  WHERE CAR = (SELECT CAR FROM AREA WHERE AR = 'A%');

no rows selected

SQL> SELECT A
  2  FROM ASIGNATURA
  3  WHERE CAR = (SELECT CAR
  4  FROM AREA
  5  WHERE AR = 'A%');

no rows selected

SQL> SELECT CAR
  2  FROM AREA
  3  WHERE AR = 'A%';

no rows selected

SQL> WHERE AR = "A%";
SP2-0734: unknown command beginning "WHERE AR =..." - rest of line ignored.
SQL> SELECT CAR
  2  FROM AREA
  3  WHERE AR = "A%";
WHERE AR = "A%"
           *
ERROR at line 3:
ORA-00904: "A%": invalid identifier 


SQL> SELECT CAR
  2  FROM AREA
  3  WHERE AR = 'A%';

no rows selected

SQL> SELECT *
  2  FROM AREA;

       CAR AR                                                                   
---------- ------------------------------------------------------------         
        CD                                                                      
----------                                                                      
         1 ALGEBRA                                                              
         4                                                                      
                                                                                
         2 ANALISIS MATEMATICO                                                  
         1                                                                      
                                                                                
         3 ASTRONOMIA Y ASTROFISICA                                             
         2                                                                      
                                                                                

       CAR AR                                                                   
---------- ------------------------------------------------------------         
        CD                                                                      
----------                                                                      
         4 CIENCIAS DE LA COMPUTACION E INTELIGENCIA ARTIFICIAL                 
         3                                                                      
                                                                                
         5 DIDACTICA DE LA MATEMATICA                                           
         1                                                                      
                                                                                
         6 ESTADISTICA E INVESTIGACION OPERATIVA                                
         3                                                                      
                                                                                

       CAR AR                                                                   
---------- ------------------------------------------------------------         
        CD                                                                      
----------                                                                      
         7 LENGUAJES Y SISTEMAS INFORMATICOS                                    
         3                                                                      
                                                                                
         8 MATEMATICA APLICADA                                                  
         1                                                                      
                                                                                

8 rows selected.

SQL> SELECT CAR
  2  FROM AREA
  3  WHERE (AR = 'A%');

no rows selected

SQL> SELECT A
  2  FROM ASIGNATURA
  3  WHERE CAR = (SELECT CAR FROM AREA WHERE AR LIKE 'A%');
WHERE CAR = (SELECT CAR FROM AREA WHERE AR LIKE 'A%')
             *
ERROR at line 3:
ORA-01427: single-row subquery returns more than one row 


SQL> SELECT A
  2  FROM ASIGNATURA
  3  WHERE CAR = (SELECT CAR
  4  FROM AREA
  5  WHERE AR LIKE 'A%');
WHERE CAR = (SELECT CAR
             *
ERROR at line 3:
ORA-01427: single-row subquery returns more than one row 


SQL> SELECT A
  2  FROM NATURAL JOIN ASIGNATURA (SELECT CAR FROM AREA WHERE AR LIKE 'A%');
FROM NATURAL JOIN ASIGNATURA (SELECT CAR FROM AREA WHERE AR LIKE 'A%')
                              *
ERROR at line 2:
ORA-00936: missing expression 


SQL> SELECT A
  2  FROM ASIGNATURA
  3  NATURAL JOIN (SELECT CAR FROM AREA WHERE AR LIKE 'A%');

A                                                                               
--------------------------------------------------                              
ALGEBRA                                                                         
ANALISIS COMPLEJO                                                               
ASTRONOMIA                                                                      

SQL> SELECT *
  2  FROM ASIGNATURA;

       CAS A                                                  T           CUR   
---------- -------------------------------------------------- ---- ----------   
       CAR         CT         CP         CL                                     
---------- ---------- ---------- ----------                                     
         1 BASES DE DATOS                                     GII           3   
         7          3        1.5        1.5                                     
                                                                                
         2 INTELIGENCIA ARTIFICIAL                            GII           3   
         4        1.5        1.5          3                                     
                                                                                
         3 ALMACENES DE DATOS                                 MII           1   
         7        1.5          0        1.5                                     
                                                                                

       CAS A                                                  T           CUR   
---------- -------------------------------------------------- ---- ----------   
       CAR         CT         CP         CL                                     
---------- ---------- ---------- ----------                                     
         4 MINERIA DE DATOS                                   MII           1   
         7        1.5          0        1.5                                     
                                                                                
         5 INFORMATICA BASICA                                 GII           1   
         7          3        1.5        1.5                                     
                                                                                
         6 ALGEBRA                                            GII           1   
         1          3          3          0                                     
                                                                                

       CAS A                                                  T           CUR   
---------- -------------------------------------------------- ---- ----------   
       CAR         CT         CP         CL                                     
---------- ---------- ---------- ----------                                     
         7 CALCULO                                            GII           1   
         8          3          3          0                                     
                                                                                
         8 OPTIMIZACION                                       GII           1   
         6          3        1.5        1.5                                     
                                                                                
         9 GESTION DE RIESGOS                                 GII           3   
         4          3          0          3                                     
                                                                                

       CAS A                                                  T           CUR   
---------- -------------------------------------------------- ---- ----------   
       CAR         CT         CP         CL                                     
---------- ---------- ---------- ----------                                     
        10 ASTRONOMIA                                         GF            2   
         3          3        1.5        1.5                                     
                                                                                
        11 ENSENANZA DE LA MATEMATICA                         GM            2   
         5          6          0          0                                     
                                                                                
        12 ANALISIS COMPLEJO                                  GM            4   
         2        4.5          3          0                                     
                                                                                

12 rows selected.

SQL> SELECT *
  2  FROM AREA;

       CAR AR                                                                   
---------- ------------------------------------------------------------         
        CD                                                                      
----------                                                                      
         1 ALGEBRA                                                              
         4                                                                      
                                                                                
         2 ANALISIS MATEMATICO                                                  
         1                                                                      
                                                                                
         3 ASTRONOMIA Y ASTROFISICA                                             
         2                                                                      
                                                                                

       CAR AR                                                                   
---------- ------------------------------------------------------------         
        CD                                                                      
----------                                                                      
         4 CIENCIAS DE LA COMPUTACION E INTELIGENCIA ARTIFICIAL                 
         3                                                                      
                                                                                
         5 DIDACTICA DE LA MATEMATICA                                           
         1                                                                      
                                                                                
         6 ESTADISTICA E INVESTIGACION OPERATIVA                                
         3                                                                      
                                                                                

       CAR AR                                                                   
---------- ------------------------------------------------------------         
        CD                                                                      
----------                                                                      
         7 LENGUAJES Y SISTEMAS INFORMATICOS                                    
         3                                                                      
                                                                                
         8 MATEMATICA APLICADA                                                  
         1                                                                      
                                                                                

8 rows selected.

SQL> SELECT A
  2  FROM ASIGNATURA;

A                                                                               
--------------------------------------------------                              
BASES DE DATOS                                                                  
INTELIGENCIA ARTIFICIAL                                                         
ALMACENES DE DATOS                                                              
MINERIA DE DATOS                                                                
INFORMATICA BASICA                                                              
ALGEBRA                                                                         
CALCULO                                                                         
OPTIMIZACION                                                                    
GESTION DE RIESGOS                                                              
ASTRONOMIA                                                                      
ENSENANZA DE LA MATEMATICA                                                      

A                                                                               
--------------------------------------------------                              
ANALISIS COMPLEJO                                                               

12 rows selected.

SQL> SELECT A
  2  FROM ASIGNATURA
  3  NATURAL JOIN (SELECT CAR FROM AREA WHERE AR LIKE '%A');

A                                                                               
--------------------------------------------------                              
ALGEBRA                                                                         
ASTRONOMIA                                                                      
ENSENANZA DE LA MATEMATICA                                                      
OPTIMIZACION                                                                    
CALCULO                                                                         

SQL> SELECT A
  2  FROM ASIGNATURA
  3  WHERE A LIKE '%DATOS%';

A                                                                               
--------------------------------------------------                              
BASES DE DATOS                                                                  
ALMACENES DE DATOS                                                              
MINERIA DE DATOS                                                                

SQL> COMMIT WORK;

Commit complete.

SQL> SPOOL OFF
SQL> SELECT A
  2  FROM ASIGNATURA
  3  NATURAL JOIN AREA
  4  
SQL> SELECT *
  2  FROM ASIGNATURA
  3  ;

       CAS A                                                  T           CUR   
---------- -------------------------------------------------- ---- ----------   
       CAR         CT         CP         CL                                     
---------- ---------- ---------- ----------                                     
         1 BASES DE DATOS                                     GII           3   
         7          3        1.5        1.5                                     
                                                                                
         2 INTELIGENCIA ARTIFICIAL                            GII           3   
         4        1.5        1.5          3                                     
                                                                                
         3 ALMACENES DE DATOS                                 MII           1   
         7        1.5          0        1.5                                     
                                                                                

       CAS A                                                  T           CUR   
---------- -------------------------------------------------- ---- ----------   
       CAR         CT         CP         CL                                     
---------- ---------- ---------- ----------                                     
         4 MINERIA DE DATOS                                   MII           1   
         7        1.5          0        1.5                                     
                                                                                
         5 INFORMATICA BASICA                                 GII           1   
         7          3        1.5        1.5                                     
                                                                                
         6 ALGEBRA                                            GII           1   
         1          3          3          0                                     
                                                                                

       CAS A                                                  T           CUR   
---------- -------------------------------------------------- ---- ----------   
       CAR         CT         CP         CL                                     
---------- ---------- ---------- ----------                                     
         7 CALCULO                                            GII           1   
         8          3          3          0                                     
                                                                                
         8 OPTIMIZACION                                       GII           1   
         6          3        1.5        1.5                                     
                                                                                
         9 GESTION DE RIESGOS                                 GII           3   
         4          3          0          3                                     
                                                                                

       CAS A                                                  T           CUR   
---------- -------------------------------------------------- ---- ----------   
       CAR         CT         CP         CL                                     
---------- ---------- ---------- ----------                                     
        10 ASTRONOMIA                                         GF            2   
         3          3        1.5        1.5                                     
                                                                                
        11 ENSENANZA DE LA MATEMATICA                         GM            2   
         5          6          0          0                                     
                                                                                
        12 ANALISIS COMPLEJO                                  GM            4   
         2        4.5          3          0                                     
                                                                                

12 rows selected.

SQL> SELECT *
  2  FROM AREA;

       CAR AR                                                                   
---------- ------------------------------------------------------------         
        CD                                                                      
----------                                                                      
         1 ALGEBRA                                                              
         4                                                                      
                                                                                
         2 ANALISIS MATEMATICO                                                  
         1                                                                      
                                                                                
         3 ASTRONOMIA Y ASTROFISICA                                             
         2                                                                      
                                                                                

       CAR AR                                                                   
---------- ------------------------------------------------------------         
        CD                                                                      
----------                                                                      
         4 CIENCIAS DE LA COMPUTACION E INTELIGENCIA ARTIFICIAL                 
         3                                                                      
                                                                                
         5 DIDACTICA DE LA MATEMATICA                                           
         1                                                                      
                                                                                
         6 ESTADISTICA E INVESTIGACION OPERATIVA                                
         3                                                                      
                                                                                

       CAR AR                                                                   
---------- ------------------------------------------------------------         
        CD                                                                      
----------                                                                      
         7 LENGUAJES Y SISTEMAS INFORMATICOS                                    
         3                                                                      
                                                                                
         8 MATEMATICA APLICADA                                                  
         1                                                                      
                                                                                

8 rows selected.

SQL> SELECT P
  2  FROM PROFESOR
  3  WHERE DNI LIKE "__R%";
WHERE DNI LIKE "__R%"
               *
ERROR at line 3:
ORA-00904: "__R%": invalid identifier 


SQL> SELECT P
  2  FROM PROFESOR
  3  WHERE DNI LIKE '__R%';

no rows selected

SQL> SELECT P
  2  FROM PROFESOR
  3  WHERE DNI LIKE '__R%';

no rows selected

SQL> SELECT *
  2  FROM PROFESOR
  3  ;

       DNI P                                                                    
---------- ------------------------------------------------------------         
       CAR CAT                                                                  
---------- -----                                                                
      1111 JUAN                                                                 
         6 CU                                                                   
                                                                                
      2222 CARLOS                                                               
         7 TU                                                                   
                                                                                
      3333 PEDRO                                                                
         4 TEU                                                                  
                                                                                

       DNI P                                                                    
---------- ------------------------------------------------------------         
       CAR CAT                                                                  
---------- -----                                                                
      4444 MARIA                                                                
         7 TU                                                                   
                                                                                
      5555 IVAN                                                                 
         1 CEU                                                                  
                                                                                
      6666 CARMEN                                                               
         3 CD                                                                   
                                                                                

       DNI P                                                                    
---------- ------------------------------------------------------------         
       CAR CAT                                                                  
---------- -----                                                                
      7777 MARIO                                                                
         2 TU                                                                   
                                                                                
      8888 FRANCISCO                                                            
         5 TU                                                                   
                                                                                
      9999 ANGELA                                                               
         8 TEU                                                                  
                                                                                

       DNI P                                                                    
---------- ------------------------------------------------------------         
       CAR CAT                                                                  
---------- -----                                                                
      1010 DAVID                                                                
         4 TU                                                                   
                                                                                
      2020 SOLEDAD                                                              
         7 CU                                                                   
                                                                                
      3030 JOSE MANUEL                                                          
         6 TEU                                                                  
                                                                                

12 rows selected.

SQL> SELECT P
  2  
SQL> SELECT DNI
  2  FROM PROFESOR
  3  WHERE P LIKE '__R%';

       DNI                                                                      
----------                                                                      
      2222                                                                      
      4444                                                                      
      6666                                                                      
      7777                                                                      

SQL> SELECT DISTINCT DNI
  2  FROM PROFESOR
  3  WHERE P LIKE '_____';

       DNI                                                                      
----------                                                                      
      3333                                                                      
      4444                                                                      
      7777                                                                      
      1010                                                                      

SQL> SELECT DISTINCT DNI
  2  FROM PROFESOR
  3  WHERE P LIKE '_____%';

       DNI                                                                      
----------                                                                      
      2222                                                                      
      3333                                                                      
      4444                                                                      
      6666                                                                      
      7777                                                                      
      8888                                                                      
      9999                                                                      
      1010                                                                      
      2020                                                                      
      3030                                                                      

10 rows selected.

SQL> SELECT DISTINCT DNI
  2  FROM PLAN_DOCENTE
  3  WHERE FF = NULL;

no rows selected

SQL> SELECT DNI
  2  
SQL> SELECT *
  2  FROM PLAN_DOCENTE;

       DNI        CAS        CTA        CPA        CLA FI        FF             
---------- ---------- ---------- ---------- ---------- --------- ---------      
      4444          1          3        1.5        1.5 01-SEP-11                
      4444          4        1.5          0        1.5 01-SEP-08 31-AUG-10      
      4444          5          3          0          0 01-SEP-10                
      1111          8          3        1.5        1.5 01-SEP-07 31-AUG-09      
      1111          8          3          0          0 01-SEP-09                
      3030          8          0        1.5        1.5 01-SEP-09                
      2222          4        1.5          0        1.5 01-SEP-09                
      2222          3        1.5          0        1.5 01-SEP-06 31-AUG-07      
      1010          2        1.5        1.5          3 01-SEP-05 31-AUG-08      
      3333          2        1.5        1.5          3 01-SEP-08                
      1010          9          3          0          3 01-SEP-08 31-AUG-09      

       DNI        CAS        CTA        CPA        CLA FI        FF             
---------- ---------- ---------- ---------- ---------- --------- ---------      
      1010          9        1.5          0        1.5 01-SEP-09                
      9999          7          3          3          0 01-SEP-10                
      5555          6          3          3          0 31-MAR-10                
      6666         10          3        1.5        1.5 01-SEP-08 31-AUG-11      
      8888         11          6          0          0 01-SEP-09                
      2020          3        1.5          0        1.5 01-SEP-08                
      7777         12        4.5          3          0 01-SEP-10                
      3333          9        1.5          0        1.5 01-SEP-09                

19 rows selected.

SQL> SELECT DISTINCT DNI
  2  FROM PLAN_DOCENTE
  3  WHERE FF=NULL;

no rows selected

SQL> WHERE FF==NULL;
SP2-0734: unknown command beginning "WHERE FF==..." - rest of line ignored.
SQL> SELECT DISTINCT DNI
  2  FROM PLAN_DOCENTE
  3  WHERE FF==NULL;
WHERE FF==NULL
         *
ERROR at line 3:
ORA-00936: missing expression 


SQL> SELECT DISTINCT DNI
  2  FROM PLAN_DOCENTE
  3  WHERE (FF = 'NULL');
WHERE (FF = 'NULL')
            *
ERROR at line 3:
ORA-01858: a non-numeric character was found where a numeric was expected 


SQL> SELECT DISTINCT DNI
  2  FROM PLAN_DOCENTE
  3  WHERE FF = NULL;

no rows selected

SQL> SELECT DISTINCT DNI
  2  FROM PLAN_DOCENTE;

       DNI                                                                      
----------                                                                      
      1010                                                                      
      1111                                                                      
      2020                                                                      
      2222                                                                      
      3030                                                                      
      3333                                                                      
      4444                                                                      
      5555                                                                      
      6666                                                                      
      7777                                                                      
      8888                                                                      

       DNI                                                                      
----------                                                                      
      9999                                                                      

12 rows selected.

SQL> SELECT DISTINCT DNI
  2  FROM PLAN_DOCENTE;

       DNI                                                                      
----------                                                                      
      1010                                                                      
      1111                                                                      
      2020                                                                      
      2222                                                                      
      3030                                                                      
      3333                                                                      
      4444                                                                      
      5555                                                                      
      6666                                                                      
      7777                                                                      
      8888                                                                      

       DNI                                                                      
----------                                                                      
      9999                                                                      

12 rows selected.

SQL> SELECT *
  2  FROM PLAN_DOCENTE;

       DNI        CAS        CTA        CPA        CLA FI        FF             
---------- ---------- ---------- ---------- ---------- --------- ---------      
      4444          1          3        1.5        1.5 01-SEP-11                
      4444          4        1.5          0        1.5 01-SEP-08 31-AUG-10      
      4444          5          3          0          0 01-SEP-10                
      1111          8          3        1.5        1.5 01-SEP-07 31-AUG-09      
      1111          8          3          0          0 01-SEP-09                
      3030          8          0        1.5        1.5 01-SEP-09                
      2222          4        1.5          0        1.5 01-SEP-09                
      2222          3        1.5          0        1.5 01-SEP-06 31-AUG-07      
      1010          2        1.5        1.5          3 01-SEP-05 31-AUG-08      
      3333          2        1.5        1.5          3 01-SEP-08                
      1010          9          3          0          3 01-SEP-08 31-AUG-09      

       DNI        CAS        CTA        CPA        CLA FI        FF             
---------- ---------- ---------- ---------- ---------- --------- ---------      
      1010          9        1.5          0        1.5 01-SEP-09                
      9999          7          3          3          0 01-SEP-10                
      5555          6          3          3          0 31-MAR-10                
      6666         10          3        1.5        1.5 01-SEP-08 31-AUG-11      
      8888         11          6          0          0 01-SEP-09                
      2020          3        1.5          0        1.5 01-SEP-08                
      7777         12        4.5          3          0 01-SEP-10                
      3333          9        1.5          0        1.5 01-SEP-09                

19 rows selected.

SQL> SELECT DNI
  2  FROM PLAN_DOCENTE
  3  WHERE CAS = 1;

       DNI                                                                      
----------                                                                      
      4444                                                                      

SQL> SELECT DNI
  2  FROM PLAN_DOCENTE
  3  WHERE FF = 'NULL';
WHERE FF = 'NULL'
           *
ERROR at line 3:
ORA-01858: a non-numeric character was found where a numeric was expected 


SQL> SELECT DNI
  2  
SQL> SELECT DISTINCT DNI
  2  FROM PLAN_DOCENTE
  3  WHERE FF IS NULL;

       DNI                                                                      
----------                                                                      
      2222                                                                      
      9999                                                                      
      4444                                                                      
      1111                                                                      
      7777                                                                      
      3030                                                                      
      3333                                                                      
      8888                                                                      
      1010                                                                      
      2020                                                                      
      5555                                                                      

11 rows selected.

SQL> SELECT P
  2  FROM PROFESOR
  3  NATURAL JOIN (SELECT DISTINCT DNI
  4  FROM PLAN_DOCENTE
  5  WHERE FF IS NULL);

P                                                                               
------------------------------------------------------------                    
SOLEDAD                                                                         
CARLOS                                                                          
MARIA                                                                           
IVAN                                                                            
MARIO                                                                           
FRANCISCO                                                                       
ANGELA                                                                          
DAVID                                                                           
JOSE MANUEL                                                                     
PEDRO                                                                           
JUAN                                                                            

11 rows selected.

SQL> SELECT P
  2  FROM PROFESOR
  3  NATURAL JOIN (SELECT DISTINCT DNI
  4  FROM PLAN_DOCENTE
  5  WHERE CAS = 8);

P                                                                               
------------------------------------------------------------                    
JUAN                                                                            
JOSE MANUEL                                                                     

SQL> SELECT *
  2  FROM PLAN_DOCENTE
  3  ORDER BY ASC FF;
ORDER BY ASC FF
         *
ERROR at line 3:
ORA-00936: missing expression 


SQL> ORDER ASC BY FF;
SP2-0734: unknown command beginning "ORDER ASC ..." - rest of line ignored.
SQL> SELECT *
  2  FROM PLAN_DOCENTE
  3  ORDER ASC BY FF;
ORDER ASC BY FF
      *
ERROR at line 3:
ORA-00924: missing BY keyword 


SQL> SELECT *
  2  FROM PLAN_DOCENTE
  3  ORDER BY FF ASC;

       DNI        CAS        CTA        CPA        CLA FI        FF             
---------- ---------- ---------- ---------- ---------- --------- ---------      
      2222          3        1.5          0        1.5 01-SEP-06 31-AUG-07      
      1010          2        1.5        1.5          3 01-SEP-05 31-AUG-08      
      1010          9          3          0          3 01-SEP-08 31-AUG-09      
      1111          8          3        1.5        1.5 01-SEP-07 31-AUG-09      
      4444          4        1.5          0        1.5 01-SEP-08 31-AUG-10      
      6666         10          3        1.5        1.5 01-SEP-08 31-AUG-11      
      1010          9        1.5          0        1.5 01-SEP-09                
      9999          7          3          3          0 01-SEP-10                
      5555          6          3          3          0 31-MAR-10                
      8888         11          6          0          0 01-SEP-09                
      2020          3        1.5          0        1.5 01-SEP-08                

       DNI        CAS        CTA        CPA        CLA FI        FF             
---------- ---------- ---------- ---------- ---------- --------- ---------      
      7777         12        4.5          3          0 01-SEP-10                
      3333          9        1.5          0        1.5 01-SEP-09                
      2222          4        1.5          0        1.5 01-SEP-09                
      3030          8          0        1.5        1.5 01-SEP-09                
      1111          8          3          0          0 01-SEP-09                
      4444          5          3          0          0 01-SEP-10                
      4444          1          3        1.5        1.5 01-SEP-11                
      3333          2        1.5        1.5          3 01-SEP-08                

19 rows selected.

SQL> SELECT *
  2  FROM PLAN_DOCENTE
  3  ORDER BY FF DESC;

       DNI        CAS        CTA        CPA        CLA FI        FF             
---------- ---------- ---------- ---------- ---------- --------- ---------      
      4444          1          3        1.5        1.5 01-SEP-11                
      3333          2        1.5        1.5          3 01-SEP-08                
      7777         12        4.5          3          0 01-SEP-10                
      2020          3        1.5          0        1.5 01-SEP-08                
      8888         11          6          0          0 01-SEP-09                
      5555          6          3          3          0 31-MAR-10                
      9999          7          3          3          0 01-SEP-10                
      4444          5          3          0          0 01-SEP-10                
      1111          8          3          0          0 01-SEP-09                
      3030          8          0        1.5        1.5 01-SEP-09                
      2222          4        1.5          0        1.5 01-SEP-09                

       DNI        CAS        CTA        CPA        CLA FI        FF             
---------- ---------- ---------- ---------- ---------- --------- ---------      
      3333          9        1.5          0        1.5 01-SEP-09                
      1010          9        1.5          0        1.5 01-SEP-09                
      6666         10          3        1.5        1.5 01-SEP-08 31-AUG-11      
      4444          4        1.5          0        1.5 01-SEP-08 31-AUG-10      
      1010          9          3          0          3 01-SEP-08 31-AUG-09      
      1111          8          3        1.5        1.5 01-SEP-07 31-AUG-09      
      1010          2        1.5        1.5          3 01-SEP-05 31-AUG-08      
      2222          3        1.5          0        1.5 01-SEP-06 31-AUG-07      

19 rows selected.

SQL> SELECT P
  2  FROM PROFESOR
  3  NATURAL JOIN (SELECT DISTINCT DNI
  4  FROM PLAN_DOCENTE
  5  WHERE T = 'GII' AND
  6  
SQL> SELECT P
  2  FROM PROFESOR
  3  NATURAL JOIN (SELECT DISTINCT DNI
  4  FROM PLAN_DOCENTE PD1
  5  WHERE T = 'GII' AND CAS = (SELECT CAS
  6  FROM ASIGNATURA
  7  WHERE A = 'OPTIMIZACION'));
WHERE T = 'GII' AND CAS = (SELECT CAS
      *
ERROR at line 5:
ORA-00904: "T": invalid identifier 


SQL> SELECT P
  2  FROM PROFESOR
  3  NATURAL JOIN (SELECT DISTINCT DNI
  4  FROM PLAN_DOCENTE
  5  
SQL> SELECT P
  2  FROM PROFESOR
  3  NATURAL JOIN (SELECT DISTINCT DNI
  4  FROM PLAN_DOCENTE
  5  WHERE CAS = (SELECT CAS
  6  FROM ASIGNATURA
  7  WHERE T='GII' AND A='OPTIMIZACION))
  8  ORDER BY P ASC;
ERROR:
ORA-01756: quoted string not properly terminated 


SQL> SELECT P
  2  FROM PROFESOR
  3  NATURAL JOIN (SELECT DISTINCT DNI
  4  FROM PLAN_DOCENTE
  5  WHERE CAS = (SELECT CAS
  6  FROM ASIGNATURA
  7  WHERE T='GII' AND A='OPTIMIZACION'))
  8  ORDER BY P ASC;

P                                                                               
------------------------------------------------------------                    
JOSE MANUEL                                                                     
JUAN                                                                            

SQL> SELECT P
  2  FROM PROFESOR
  3  WHERE CAR = (SELECT CAR
  4  FROM AREA
  5  WHERE D = 'MATEMATICA FUNDAMENTAL')
  6  ORDER BY P DESC;
WHERE D = 'MATEMATICA FUNDAMENTAL')
      *
ERROR at line 5:
ORA-00904: "D": invalid identifier 


SQL> SELECT P
  2  FROM PROFESOR
  3  WHERE CAR = (SELECT CAR
  4  FROM AREA
  5  WHERE CD = (SELECT CD
  6  FROM DEPARTAMENTO
  7  WHERE D = 'MATEMATICA FUNDAMENTAL'))
  8  ORDER BY P DESC;

P                                                                               
------------------------------------------------------------                    
IVAN                                                                            

SQL> SELECT A
  2  FROM ASIGNATURA
  3  WHERE CAR = (SELECT CAR
  4  FROM PLAN_DOCENTE
  5  WHERE DNI = '1010');
WHERE CAR = (SELECT CAR
             *
ERROR at line 3:
ORA-01427: single-row subquery returns more than one row 


SQL> SELECT A
  2  FROM ASIGNATURA
  3  WHERE CAR = (SELECT CAR
  4  FROM PLAN_DOCENTE
  5  WHERE DNI = '1010');
WHERE CAR = (SELECT CAR
             *
ERROR at line 3:
ORA-01427: single-row subquery returns more than one row 


SQL> SELECT A
  2  FROM ASIGNATURA
  3  WHERE CAS = (SELECT CAS
  4  FROM PLAN_DOCENTE
  5  WHERE DNI = '1010');
WHERE CAS = (SELECT CAS
             *
ERROR at line 3:
ORA-01427: single-row subquery returns more than one row 


SQL> SELECT A
  2  FROM ASIGNATURA
  3  WHERE CAS = (SELECT DISTINCT CAS
  4  FROM PLAN_DOCENTE
  5  WHERE DNI = '1010');
WHERE CAS = (SELECT DISTINCT CAS
             *
ERROR at line 3:
ORA-01427: single-row subquery returns more than one row 


SQL> SELECT A
  2  FROM ASIGNATURA
  3  NATURAL JOIN (SELECT DISTINCT CAS
  4  FROM PLAN_DOCENTE
  5  WHERE DNI = '1010');

A                                                                               
--------------------------------------------------                              
INTELIGENCIA ARTIFICIAL                                                         
GESTION DE RIESGOS                                                              

SQL> SELECT A
  2  FROM ASIGNATURA
  3  NATURAL JOIN (SELECT DISTINCT CAS
  4  FROM PLAN_DOCENTE
  5  WHERE DNI = (SELECT DNI
  6  FROM PROFESOR
  7  WHERE P = 'DAVID'));

A                                                                               
--------------------------------------------------                              
INTELIGENCIA ARTIFICIAL                                                         
GESTION DE RIESGOS                                                              

SQL> SELECT AR
  2  FROM AREA
  3  WHERE CD = (SELECT CD
  4  FROM DEPARTAMENTO
  5  WHERE D = 'ESTADISTICA, INVESTIGACION OPERATIVA Y COMPUTACION');

AR                                                                              
------------------------------------------------------------                    
CIENCIAS DE LA COMPUTACION E INTELIGENCIA ARTIFICIAL                            
ESTADISTICA E INVESTIGACION OPERATIVA                                           
LENGUAJES Y SISTEMAS INFORMATICOS                                               

SQL> SELECT A
  2  FROM ASIGNATURA
  3  NATURAL JOIN
  4  
SQL> SELECT A
  2  FROM ASIGNATURA
  3  NATURAL JOIN (SELECT CAS
  4  FROM PLAN_DOCENTE
  5  WHERE DNI = (SELECT DNI
  6  FROM PROFESOR
  7  WHERE CAT = 'CU'));
WHERE DNI = (SELECT DNI
             *
ERROR at line 5:
ORA-01427: single-row subquery returns more than one row 


SQL> SELECT A
  2  FROM ASIGNATURA
  3  NATURAL JOIN (SELECT CAS
  4  FROM PLAN_DOCENTE
  5  NATURAL JOIN
  6  (SELECT DNI
  7  FROM PROFESOR
  8  WHERE CAT = 'CU'));

A                                                                               
--------------------------------------------------                              
ALMACENES DE DATOS                                                              
OPTIMIZACION                                                                    
OPTIMIZACION                                                                    

SQL> SELECT DISTINCT A
  2  FROM ASIGNATURA
  3  NATURAL JOIN (SELECT CAS
  4  FROM PLAN_DOCENTE
  5  NATURAL JOIN (SELECT DNI
  6  FROM PROFESOR
  7  WHERE CAT = 'CU'));

A                                                                               
--------------------------------------------------                              
OPTIMIZACION                                                                    
ALMACENES DE DATOS                                                              

SQL> SELECT DISTINCT A
  2  FROM ASIGNATURA,PROFESOR,PLAN_DOCENTE
  3  WHERE (PLAN_DOCENTE.DNI = PROFESOR.DNI) AND (PROFESOR.CAT = 'CU') AND (PLAN_DOPCENTE.CAS = ASIGNATURA.CAS);
WHERE (PLAN_DOCENTE.DNI = PROFESOR.DNI) AND (PROFESOR.CAT = 'CU') AND (PLAN_DOPCENTE.CAS = ASIGNATURA.CAS)
                                                                       *
ERROR at line 3:
ORA-00904: "PLAN_DOPCENTE"."CAS": invalid identifier 


SQL> SELECT DISTINCT A
  2  FROM ASIGNATURA,PROFESOR,PLAN_DOCENTE
  3  WHERE (PLAN_DOCENTE.DNI = PROFESOR.DNI) AND (PROFESOR.CAT = 'CU') AND (PLAN_DOCENTE.CAS = ASIGNATURA.CAS);

A                                                                               
--------------------------------------------------                              
OPTIMIZACION                                                                    
ALMACENES DE DATOS                                                              

SQL> SELECT A
  2  FROM ASIGNATURA
  3  WHERE CAR = (SELECT CAR
  4  FROM AREA
  5  WHERE (AR = 'LENGUAJES Y SISTEMAS INFORMATICOS')OR(AR = 'CIENCIAS DE LA COMPUTACION E INTELIGENCIA ARTIFICIAL');
WHERE CAR = (SELECT CAR
             *
ERROR at line 3:
ORA-00921: unexpected end of SQL command 


SQL> SELECT A
  2  FROM ASIGNATURA
  3  WHERE CAR = (SELECT CAR
  4  FROM AREA
  5  WHERE (AR = 'LENGUAJES Y SISTEMAS INFORMATICOS')OR(AR = 'CIENCIAS DE LA COMPUTACION E INTELIGENCIA ARTIFICIAL'));
WHERE CAR = (SELECT CAR
             *
ERROR at line 3:
ORA-01427: single-row subquery returns more than one row 


SQL> SELECT A
  2  FROM ASIGNATURA
  3  WHERE CAR = (SELECT CAR
  4  
SQL> SELECT A
  2  FROM ASIGNATURA
  3  WHERE CAR IN (SELECT CAR
  4  FROM AREA
  5  WHERE (AR = 'LENGUAJES Y SISTEMAS INFORMATICOS')OR(AR = 'CIENCIAS DE LA COMPUTACION E INTELIGENCIA ARTIFICIAL'));

A                                                                               
--------------------------------------------------                              
GESTION DE RIESGOS                                                              
INTELIGENCIA ARTIFICIAL                                                         
INFORMATICA BASICA                                                              
MINERIA DE DATOS                                                                
ALMACENES DE DATOS                                                              
BASES DE DATOS                                                                  

6 rows selected.

SQL> SELECT P
  2  FROM PROFESOR
  3  WHERE DNI IN (SELECT DNI
  4  FROM PLAN_DOCENTE
  5  WHERE CAS IN (SELECT CAS
  6  FROM ASIGNATURA
  7  WHERE T = 'GII' OR T = 'MII'));

P                                                                               
------------------------------------------------------------                    
DAVID                                                                           
JUAN                                                                            
SOLEDAD                                                                         
CARLOS                                                                          
JOSE MANUEL                                                                     
PEDRO                                                                           
MARIA                                                                           
IVAN                                                                            
ANGELA                                                                          

9 rows selected.

SQL> SELECT P
  2  FROM PROFESOR
  3  WHERE DNI IN (SELECT DNI
  4  FROM PLAN_DOCENTE
  5  WHERE CAS IN (SELECT CAS
  6  FROM ASIGNATURA
  7  SELECT P
  8  
SQL> SELECT P
  2  FROM PROFESOR
  3  WHERE DNI IN (SELECT DNI
  4  FROM PLAN_DOCENTE
  5  WHERE CAS IN (SELECT CAS
  6  FROM ASIGNATURA
  7  WHERE T = 'GII')
  8  AND CAS IN (SELECT CAS
  9  FROM ASIGNATURA
 10  WHERE T = 'MII'));

no rows selected

SQL> SELECT P
  2  FROM PROFESOR
  3  WHERE DNI IN (SELECT DNI FROM PLAN_DOCENTE WHERE FF IS NULL AND (SELECT CAS
  4  FROM ASIGNATURA
  5  WHERE T = 'GII' OR T = 'MII'));
WHERE T = 'GII' OR T = 'MII'))
                             *
ERROR at line 5:
ORA-00936: missing expression 


SQL> SELECT P
  2  FROM PROFESOR
  3  WHERE DNI IN (SELECT DNI FROM PLAN_DOCENTE WHERE FF IS NULL AND CAS IN (SELECT CAS
  4  FROM ASIGNATURA
  5  WHERE T = 'GII' OR T = 'MII'));

P                                                                               
------------------------------------------------------------                    
DAVID                                                                           
JUAN                                                                            
SOLEDAD                                                                         
CARLOS                                                                          
JOSE MANUEL                                                                     
PEDRO                                                                           
MARIA                                                                           
IVAN                                                                            
ANGELA                                                                          

9 rows selected.

SQL> SELECT P
  2  FROM PROFESOR
  3  WHERE DNI IN (SELECT DNI FROM PLAN_DOCENTE WHERE FF IS NULL AND CAS IN (SELECT CAS
  4  FROM ASIGNATURA
  5  WHERE T = 'GII') AND CAS IN (SELECT CAS
  6  FROM ASIGNATURA
  7  WHERE T = 'MII'));

no rows selected

SQL> SELECT P
  2  FROM PROFESOR
  3  WHERE DNI IN (SELECT DNI
  4  FROM PLAN_DOCENTE
  5  
SQL> SELECT P
  2  FROM PROFESOR
  3  WHERE DNI NOT IN (SELECT DNI
  4  FROM PLAN
  5  
SQL> SD
SP2-0042: unknown command "SD" - rest of line ignored.
SQL> D
SP2-0042: unknown command "D" - rest of line ignored.
SQL> SELECT P
  2  FROM PROFESOR
  3  WHERE DNI NOT IN (SELECT DNI
  4  FROM PLAN_DOCENTE
  5  WHERE FF IS NOT NULL);

P                                                                               
------------------------------------------------------------                    
SOLEDAD                                                                         
JOSE MANUEL                                                                     
PEDRO                                                                           
IVAN                                                                            
MARIO                                                                           
FRANCISCO                                                                       
ANGELA                                                                          

7 rows selected.

SQL> SELECT DNI FROM PLAN_DOCENTE WHERE FF IS NULL
  2  ;

       DNI                                                                      
----------                                                                      
      4444                                                                      
      4444                                                                      
      1111                                                                      
      3030                                                                      
      2222                                                                      
      3333                                                                      
      1010                                                                      
      9999                                                                      
      5555                                                                      
      8888                                                                      
      2020                                                                      

       DNI                                                                      
----------                                                                      
      7777                                                                      
      3333                                                                      

13 rows selected.

SQL> SELECT P
  2  FROM PROFESOR WHERE DNI NOT IN (SELECT DISTINCT DNI
  3  FROM PLAN_DOCENTE
  4  WHERE FF IS NOT NULL);

P                                                                               
------------------------------------------------------------                    
SOLEDAD                                                                         
JOSE MANUEL                                                                     
PEDRO                                                                           
IVAN                                                                            
MARIO                                                                           
FRANCISCO                                                                       
ANGELA                                                                          

7 rows selected.

SQL> SELECT A
  2  FROM ASIGNATURA
  3  WHERE T = 'GII';

A                                                                               
--------------------------------------------------                              
BASES DE DATOS                                                                  
INTELIGENCIA ARTIFICIAL                                                         
INFORMATICA BASICA                                                              
ALGEBRA                                                                         
CALCULO                                                                         
OPTIMIZACION                                                                    
GESTION DE RIESGOS                                                              

7 rows selected.

SQL> SELECT A, AR
  2  FROM AREA
  3  NATURAL JOIN (SELECT A
  4  FROM ASIGNATURA
  5  
SQL> SELECT A, AR
  2  FROM AREA A1
  3  NATURAL JOIN (SELECT DISTINCT A
  4  FROM ASIGNATURA
  5  WHERE (A1.CAR = CAR))
  6  GROUP BY AR;
WHERE (A1.CAR = CAR))
       *
ERROR at line 5:
ORA-00904: "A1"."CAR": invalid identifier 


SQL> SELECT A, AR
  2  FROM AREA A1
  3  NATURAL JOIN (SELECT DISTINCT A
  4  FROM ASIGNATURA
  5  
SQL> SELECT A, AR
  2  FROM AREA A1
  3  NATURAL JOIN(SELECT DISTINCT A
  4  FROM ASIGNATURA A2
  5  WHERE (A1.CAR = A2.CAR))
  6  GROUP BY AR;
WHERE (A1.CAR = A2.CAR))
       *
ERROR at line 5:
ORA-00904: "A1"."CAR": invalid identifier 


SQL> SELECT A, AR
  2  FROM AREA A1
  3  
SQL> SELECT A, AR
  2  
SQL> SELECT AR, A
  2  FROM AREA, ASIGNATURA
  3  
SQL> 
SQL> SELECT AR, AR
  2  
SQL> 
SQL> 
SQL> 
SQL> 
SQL> SELECT AR, A
  2  FROM AREA A1, ASIGNATURA A2
  3  WHERE (A1.CAR = A2.CAR)
  4  GROUP BY AR;
SELECT AR, A
           *
ERROR at line 1:
ORA-00979: not a GROUP BY expression 


SQL> SELECT AR, A
  2  FROM AREA A1, ASIGNATURA A2
  3  WHERE (A1.CAR = A2.CAR);

AR                                                                              
------------------------------------------------------------                    
A                                                                               
--------------------------------------------------                              
ALGEBRA                                                                         
ALGEBRA                                                                         
                                                                                
ANALISIS MATEMATICO                                                             
ANALISIS COMPLEJO                                                               
                                                                                
ASTRONOMIA Y ASTROFISICA                                                        
ASTRONOMIA                                                                      
                                                                                

AR                                                                              
------------------------------------------------------------                    
A                                                                               
--------------------------------------------------                              
CIENCIAS DE LA COMPUTACION E INTELIGENCIA ARTIFICIAL                            
GESTION DE RIESGOS                                                              
                                                                                
CIENCIAS DE LA COMPUTACION E INTELIGENCIA ARTIFICIAL                            
INTELIGENCIA ARTIFICIAL                                                         
                                                                                
DIDACTICA DE LA MATEMATICA                                                      
ENSENANZA DE LA MATEMATICA                                                      
                                                                                

AR                                                                              
------------------------------------------------------------                    
A                                                                               
--------------------------------------------------                              
ESTADISTICA E INVESTIGACION OPERATIVA                                           
OPTIMIZACION                                                                    
                                                                                
LENGUAJES Y SISTEMAS INFORMATICOS                                               
INFORMATICA BASICA                                                              
                                                                                
LENGUAJES Y SISTEMAS INFORMATICOS                                               
MINERIA DE DATOS                                                                
                                                                                

AR                                                                              
------------------------------------------------------------                    
A                                                                               
--------------------------------------------------                              
LENGUAJES Y SISTEMAS INFORMATICOS                                               
ALMACENES DE DATOS                                                              
                                                                                
LENGUAJES Y SISTEMAS INFORMATICOS                                               
BASES DE DATOS                                                                  
                                                                                
MATEMATICA APLICADA                                                             
CALCULO                                                                         
                                                                                

12 rows selected.

SQL> SELECT DISTINCT AR, A
  2  FROM AREA A1, ASIGNATURA A2
  3  WHERE (A1.CAR = A2.CAR);

AR                                                                              
------------------------------------------------------------                    
A                                                                               
--------------------------------------------------                              
LENGUAJES Y SISTEMAS INFORMATICOS                                               
BASES DE DATOS                                                                  
                                                                                
MATEMATICA APLICADA                                                             
CALCULO                                                                         
                                                                                
CIENCIAS DE LA COMPUTACION E INTELIGENCIA ARTIFICIAL                            
GESTION DE RIESGOS                                                              
                                                                                

AR                                                                              
------------------------------------------------------------                    
A                                                                               
--------------------------------------------------                              
ALGEBRA                                                                         
ALGEBRA                                                                         
                                                                                
CIENCIAS DE LA COMPUTACION E INTELIGENCIA ARTIFICIAL                            
INTELIGENCIA ARTIFICIAL                                                         
                                                                                
ESTADISTICA E INVESTIGACION OPERATIVA                                           
OPTIMIZACION                                                                    
                                                                                

AR                                                                              
------------------------------------------------------------                    
A                                                                               
--------------------------------------------------                              
LENGUAJES Y SISTEMAS INFORMATICOS                                               
MINERIA DE DATOS                                                                
                                                                                
LENGUAJES Y SISTEMAS INFORMATICOS                                               
ALMACENES DE DATOS                                                              
                                                                                
ANALISIS MATEMATICO                                                             
ANALISIS COMPLEJO                                                               
                                                                                

AR                                                                              
------------------------------------------------------------                    
A                                                                               
--------------------------------------------------                              
DIDACTICA DE LA MATEMATICA                                                      
ENSENANZA DE LA MATEMATICA                                                      
                                                                                
LENGUAJES Y SISTEMAS INFORMATICOS                                               
INFORMATICA BASICA                                                              
                                                                                
ASTRONOMIA Y ASTROFISICA                                                        
ASTRONOMIA                                                                      
                                                                                

12 rows selected.

SQL> SELECT D, AR
  2  FROM DEPARTAMENTO,AREA
  3  WHERE (DEPARTAMENTO.CD = AREA.CD)
  4  ORDER BY D ASC;

D                                                                               
------------------------------------------------------------                    
AR                                                                              
------------------------------------------------------------                    
ANALISIS MATEMATICO                                                             
DIDACTICA DE LA MATEMATICA                                                      
                                                                                
ANALISIS MATEMATICO                                                             
ANALISIS MATEMATICO                                                             
                                                                                
ANALISIS MATEMATICO                                                             
MATEMATICA APLICADA                                                             
                                                                                

D                                                                               
------------------------------------------------------------                    
AR                                                                              
------------------------------------------------------------                    
ASTROFISICA                                                                     
ASTRONOMIA Y ASTROFISICA                                                        
                                                                                
ESTADISTICA, INVESTIGACION OPERATIVA Y COMPUTACION                              
CIENCIAS DE LA COMPUTACION E INTELIGENCIA ARTIFICIAL                            
                                                                                
ESTADISTICA, INVESTIGACION OPERATIVA Y COMPUTACION                              
ESTADISTICA E INVESTIGACION OPERATIVA                                           
                                                                                

D                                                                               
------------------------------------------------------------                    
AR                                                                              
------------------------------------------------------------                    
ESTADISTICA, INVESTIGACION OPERATIVA Y COMPUTACION                              
LENGUAJES Y SISTEMAS INFORMATICOS                                               
                                                                                
MATEMATICA FUNDAMENTAL                                                          
ALGEBRA                                                                         
                                                                                

8 rows selected.

SQL> SELECT D, P
  2  FROM DEPARTAMENTO,PROFESOR
  3  WHERE P IN (SELECT P
  4  
SQL> 
SQL> 
SQL> SELECT D,P
  2  FROM DEPARTAMENTO, PROFESOR
  3  WHERE PROFESOR.DNI IN (SELECT DNI
  4  FROM PLAN_DOCENTE
  5  WHERE CAS IN (SELECT CAS
  6  FROM ASIGNATURA
  7  WHERE CAR IN (SELECT CAR
  8  FROM AREA
  9  WHERE CD IN (SELECT CD
 10  FROM DEPARTAMENTO D2
 11  WHERE DEPARTAMENTO.CD = D2.CD))));

D                                                                               
------------------------------------------------------------                    
P                                                                               
------------------------------------------------------------                    
ESTADISTICA, INVESTIGACION OPERATIVA Y COMPUTACION                              
JUAN                                                                            
                                                                                
ESTADISTICA, INVESTIGACION OPERATIVA Y COMPUTACION                              
CARLOS                                                                          
                                                                                
ESTADISTICA, INVESTIGACION OPERATIVA Y COMPUTACION                              
PEDRO                                                                           
                                                                                

D                                                                               
------------------------------------------------------------                    
P                                                                               
------------------------------------------------------------                    
ESTADISTICA, INVESTIGACION OPERATIVA Y COMPUTACION                              
MARIA                                                                           
                                                                                
MATEMATICA FUNDAMENTAL                                                          
IVAN                                                                            
                                                                                
ASTROFISICA                                                                     
CARMEN                                                                          
                                                                                

D                                                                               
------------------------------------------------------------                    
P                                                                               
------------------------------------------------------------                    
ANALISIS MATEMATICO                                                             
MARIO                                                                           
                                                                                
ANALISIS MATEMATICO                                                             
FRANCISCO                                                                       
                                                                                
ANALISIS MATEMATICO                                                             
ANGELA                                                                          
                                                                                

D                                                                               
------------------------------------------------------------                    
P                                                                               
------------------------------------------------------------                    
ESTADISTICA, INVESTIGACION OPERATIVA Y COMPUTACION                              
DAVID                                                                           
                                                                                
ESTADISTICA, INVESTIGACION OPERATIVA Y COMPUTACION                              
SOLEDAD                                                                         
                                                                                
ESTADISTICA, INVESTIGACION OPERATIVA Y COMPUTACION                              
JOSE MANUEL                                                                     
                                                                                

12 rows selected.

SQL> SELECT D,P
  2  FROM DEPARTAMENTO,PROFESOR
  3  WHERE PROFESOR.DNI IN (SELECT DNI
  4  FROM PLAN_DOCENTE
  5  WHERE CAS IN (SELECT CAS
  6  FROM ASIGNATURA
  7  WHERE CAR IN (SELECT CAR
  8  FROM AREA
  9  WHERE CD IN (SELECT CD
 10  FROM DEPARTAMENTO D2
 11  WHERE DEPARTAMENTO.CD = D2.CD))))
 12  ORDER BY D,P ASC;

D                                                                               
------------------------------------------------------------                    
P                                                                               
------------------------------------------------------------                    
ANALISIS MATEMATICO                                                             
ANGELA                                                                          
                                                                                
ANALISIS MATEMATICO                                                             
FRANCISCO                                                                       
                                                                                
ANALISIS MATEMATICO                                                             
MARIO                                                                           
                                                                                

D                                                                               
------------------------------------------------------------                    
P                                                                               
------------------------------------------------------------                    
ASTROFISICA                                                                     
CARMEN                                                                          
                                                                                
ESTADISTICA, INVESTIGACION OPERATIVA Y COMPUTACION                              
CARLOS                                                                          
                                                                                
ESTADISTICA, INVESTIGACION OPERATIVA Y COMPUTACION                              
DAVID                                                                           
                                                                                

D                                                                               
------------------------------------------------------------                    
P                                                                               
------------------------------------------------------------                    
ESTADISTICA, INVESTIGACION OPERATIVA Y COMPUTACION                              
JOSE MANUEL                                                                     
                                                                                
ESTADISTICA, INVESTIGACION OPERATIVA Y COMPUTACION                              
JUAN                                                                            
                                                                                
ESTADISTICA, INVESTIGACION OPERATIVA Y COMPUTACION                              
MARIA                                                                           
                                                                                

D                                                                               
------------------------------------------------------------                    
P                                                                               
------------------------------------------------------------                    
ESTADISTICA, INVESTIGACION OPERATIVA Y COMPUTACION                              
PEDRO                                                                           
                                                                                
ESTADISTICA, INVESTIGACION OPERATIVA Y COMPUTACION                              
SOLEDAD                                                                         
                                                                                
MATEMATICA FUNDAMENTAL                                                          
IVAN                                                                            
                                                                                

12 rows selected.

SQL> COMMIT WORK;

Commit complete.

SQL> SPOOL OFF;
