SQL> GRANT CREATE SYNONYM, CREATE VIEW
  2  TO alu0100971385
  3  ;

Grant succeeded.

SQL> SPOOL OFF
SQL> SELECT TABLE_NAME, CONSTRAINT NAME
  2  FROM USER_CONSTRAINTS;
SELECT TABLE_NAME, CONSTRAINT NAME
                   *
ERROR at line 1:
ORA-00904: "CONSTRAINT": invalid identifier 


SQL> SELECT TABLE_NAME, CONSTRAINT_NAME
  2  FROM USER_CONSTRAINTS;

TABLE_NAME                                                                      
--------------------------------------------------------------------------------
CONSTRAINT_NAME                                                                 
--------------------------------------------------------------------------------
AREA                                                                            
SYS_C0075446                                                                    
                                                                                
PROFESOR                                                                        
SYS_C0075448                                                                    
                                                                                
ASIGNATURA                                                                      
SYS_C0075453                                                                    
                                                                                

TABLE_NAME                                                                      
--------------------------------------------------------------------------------
CONSTRAINT_NAME                                                                 
--------------------------------------------------------------------------------
PLAN_DOCENTE                                                                    
SYS_C0075457                                                                    
                                                                                
PLAN_DOCENTE                                                                    
SYS_C0075456                                                                    
                                                                                
BIN$ehQIoM8QVuvgUwIAEazClg==$0                                                  
BIN$ehQIoM8LVuvgUwIAEazClg==$0                                                  
                                                                                

TABLE_NAME                                                                      
--------------------------------------------------------------------------------
CONSTRAINT_NAME                                                                 
--------------------------------------------------------------------------------
BIN$ehQIoM8QVuvgUwIAEazClg==$0                                                  
BIN$ehQIoM8MVuvgUwIAEazClg==$0                                                  
                                                                                
BIN$ehQIoM8QVuvgUwIAEazClg==$0                                                  
BIN$ehQIoM8NVuvgUwIAEazClg==$0                                                  
                                                                                
BIN$ehQIoM8HVuvgUwIAEazClg==$0                                                  
BIN$ehQIoM8EVuvgUwIAEazClg==$0                                                  
                                                                                

TABLE_NAME                                                                      
--------------------------------------------------------------------------------
CONSTRAINT_NAME                                                                 
--------------------------------------------------------------------------------
ASIGNATURA                                                                      
SYS_C0075449                                                                    
                                                                                
ASIGNATURA                                                                      
SYS_C0075450                                                                    
                                                                                
ASIGNATURA                                                                      
SYS_C0075451                                                                    
                                                                                

TABLE_NAME                                                                      
--------------------------------------------------------------------------------
CONSTRAINT_NAME                                                                 
--------------------------------------------------------------------------------
PLAN_DOCENTE                                                                    
SYS_C0075454                                                                    
                                                                                
BIN$ehQIoM8WVuvgUwIAEazClg==$0                                                  
BIN$ehQIoM8UVuvgUwIAEazClg==$0                                                  
                                                                                
BIN$ehQIoM8TVuvgUwIAEazClg==$0                                                  
BIN$ehQIoM8RVuvgUwIAEazClg==$0                                                  
                                                                                

TABLE_NAME                                                                      
--------------------------------------------------------------------------------
CONSTRAINT_NAME                                                                 
--------------------------------------------------------------------------------
BIN$ehQIoM8KVuvgUwIAEazClg==$0                                                  
BIN$ehQIoM8IVuvgUwIAEazClg==$0                                                  
                                                                                
BIN$ehQIoM8QVuvgUwIAEazClg==$0                                                  
BIN$ehQIoM8OVuvgUwIAEazClg==$0                                                  
                                                                                
BIN$ehQIoM8HVuvgUwIAEazClg==$0                                                  
BIN$ehQIoM8FVuvgUwIAEazClg==$0                                                  
                                                                                

TABLE_NAME                                                                      
--------------------------------------------------------------------------------
CONSTRAINT_NAME                                                                 
--------------------------------------------------------------------------------
DEPARTAMENTO                                                                    
SYS_C0075444                                                                    
                                                                                
AREA                                                                            
SYS_C0075445                                                                    
                                                                                
PROFESOR                                                                        
SYS_C0075447                                                                    
                                                                                

TABLE_NAME                                                                      
--------------------------------------------------------------------------------
CONSTRAINT_NAME                                                                 
--------------------------------------------------------------------------------
ASIGNATURA                                                                      
SYS_C0075452                                                                    
                                                                                
PLAN_DOCENTE                                                                    
SYS_C0075455                                                                    
                                                                                

23 rows selected.

SQL> SPOOL OFF
SQL> CREATE TABLE TITULACION
  2  (T CHAR(4) NOT NULL, FAC VARCHAR2(10),
  3  
SQL> 
SQL> 
SQL> SPOOL OFF
SQL> CREATE TABLE TITULACION
  2  (T CHAR(4) PRIMARY KEY, FAC VARCHAR2(10));

Table created.

SQL> INSERT INTO TITULACION(T)
  2  SELECT DISTINCT T
  3  FROM ASIGNATURAS;
FROM ASIGNATURAS
     *
ERROR at line 3:
ORA-00942: table or view does not exist 


SQL> INSERT INTO TITULACION(T)
  2  SELECT DISTINCT T
  3  FROM ASIGNATURA;

4 rows created.

SQL> SELECT *
  2  FROM TITULACION;

T    FAC                                                                        
---- ----------                                                                 
GF                                                                              
GM                                                                              
GII                                                                             
MII                                                                             

SQL> UPDATE TITULACION
  2  SET FAC = 'ESIT'
  3  WHERE T = 'GII';

1 row updated.

SQL> UPDATE TITULACION
  2  SET FAC = 'ESIT'
  3  WHERE T = 'GM';

1 row updated.

SQL> UPDATE TITULACION
  2  SET FAC = 'FC'
  3  WHERE T = 'GF';

1 row updated.

SQL> UPDATE TITULACION
  2  SET FAC = 'FC'
  3  WHERE T = 'GM';

1 row updated.

SQL> SELECT *
  2  FROM TITULACION;

T    FAC                                                                        
---- ----------                                                                 
GF   FC                                                                         
GM   FC                                                                         
GII  ESIT                                                                       
MII                                                                             

SQL> UPDATE TITULACION
  2  SET FAC = 'ESIT'
  3  WHERE T = 'MII';

1 row updated.

SQL> SELECT *
  2  FROM TITULACION;

T    FAC                                                                        
---- ----------                                                                 
GF   FC                                                                         
GM   FC                                                                         
GII  ESIT                                                                       
MII  ESIT                                                                       

SQL> CREATE SYNONYM TIT
  2  FOR TITULACION;

Synonym created.

SQL> SELECT *
  2  FROM TIT;

T    FAC                                                                        
---- ----------                                                                 
GF   FC                                                                         
GM   FC                                                                         
GII  ESIT                                                                       
MII  ESIT                                                                       

SQL> ALTER TABLE ASIGNATURA
  2  ADD (CONSTRAINT FK_ASIGNATURA_TITULACION
  3  FOREIGN KEY (T)
  4  REFERENCES TITULACION (T)
  5  ON DELETE CASCADE);

Table altered.

SQL> ALTER TABLE TITULACION
  2  
SQL> UPDATE TA
  2  
SQL> 
SQL> ALTER TABLE TITULACION
  2  MODIFY T CHAR(6);
ALTER TABLE TITULACION
*
ERROR at line 1:
ORA-02292: integrity constraint (ALU0100971385.FK_ASIGNATURA_TITULACION) 
violated - child record found 


SQL> ALTER TABLE ASIGNATURA
  2  DISABLE CONSTRAINT FK_ASIGNATURA_TITULACION;

Table altered.

SQL> ALTER TABLE TITULACION
  2  MODIFY T CHAR(6);

Table altered.

SQL> ALTER TABLE ASIGNATURA
  2  ENABLE CONSTRAINT FK_ASIGNATURA_TITULACION;

Table altered.

SQL> CREATE VIEW
  2  
SQL> CREATE VIEW VISTA1 (CAS,A,T,CUR,CAR)
  2  AS SELECT CAS,A,T,CUR,CAR
  3  FROM ASIGNATURA
  4  ;

View created.

SQL> SELECT *
  2  FROM VISTA1;

       CAS A                                                  T           CUR   
---------- -------------------------------------------------- ---- ----------   
       CAR                                                                      
----------                                                                      
         1 BASES DE DATOS                                     GII           3   
         7                                                                      
                                                                                
         2 INTELIGENCIA ARTIFICIAL                            GII           3   
         4                                                                      
                                                                                
         3 ALMACENES DE DATOS                                 MII           1   
         7                                                                      
                                                                                

       CAS A                                                  T           CUR   
---------- -------------------------------------------------- ---- ----------   
       CAR                                                                      
----------                                                                      
         4 MINERIA DE DATOS                                   MII           1   
         7                                                                      
                                                                                
         5 INFORMATICA BASICA                                 GII           1   
         7                                                                      
                                                                                
         6 ALGEBRA                                            GII           1   
         1                                                                      
                                                                                

       CAS A                                                  T           CUR   
---------- -------------------------------------------------- ---- ----------   
       CAR                                                                      
----------                                                                      
         7 CALCULO                                            GII           1   
         8                                                                      
                                                                                
         8 OPTIMIZACION                                       GII           1   
         6                                                                      
                                                                                
         9 GESTION DE RIESGOS                                 GII           3   
         4                                                                      
                                                                                

       CAS A                                                  T           CUR   
---------- -------------------------------------------------- ---- ----------   
       CAR                                                                      
----------                                                                      
        10 ASTRONOMIA                                         GF            2   
         3                                                                      
                                                                                
        11 ENSENANZA DE LA MATEMATICA                         GM            2   
         5                                                                      
                                                                                
        12 ANALISIS COMPLEJO                                  GM            4   
         2                                                                      
                                                                                

12 rows selected.

SQL> INSERT INTO VISTA1
  2  VALUES(13,'ESTADISTICA','GII',3,7);
INSERT INTO VISTA1
*
ERROR at line 1:
ORA-02291: integrity constraint (ALU0100971385.FK_ASIGNATURA_TITULACION) 
violated - parent key not found 


SQL> ALTER TABLE ASIGNATURA
  2  DISABLE CONSTRAINT FK_ASIGNATURA_TITULACION;

Table altered.

SQL> INSERT INTO VISTA1
  2  VALUES(13,'ESTADISTICA','GII',3,7);

1 row created.

SQL> ALTER TABLE ASIGNATURA
  2  ENABLE CONSTRAINT FK_ASIGNATURA_TITULACION;

Table altered.

SQL> SELECT *
  2  FROM VISTA1;

       CAS A                                                  T           CUR   
---------- -------------------------------------------------- ---- ----------   
       CAR                                                                      
----------                                                                      
         1 BASES DE DATOS                                     GII           3   
         7                                                                      
                                                                                
         2 INTELIGENCIA ARTIFICIAL                            GII           3   
         4                                                                      
                                                                                
         3 ALMACENES DE DATOS                                 MII           1   
         7                                                                      
                                                                                

       CAS A                                                  T           CUR   
---------- -------------------------------------------------- ---- ----------   
       CAR                                                                      
----------                                                                      
         4 MINERIA DE DATOS                                   MII           1   
         7                                                                      
                                                                                
         5 INFORMATICA BASICA                                 GII           1   
         7                                                                      
                                                                                
         6 ALGEBRA                                            GII           1   
         1                                                                      
                                                                                

       CAS A                                                  T           CUR   
---------- -------------------------------------------------- ---- ----------   
       CAR                                                                      
----------                                                                      
         7 CALCULO                                            GII           1   
         8                                                                      
                                                                                
         8 OPTIMIZACION                                       GII           1   
         6                                                                      
                                                                                
         9 GESTION DE RIESGOS                                 GII           3   
         4                                                                      
                                                                                

       CAS A                                                  T           CUR   
---------- -------------------------------------------------- ---- ----------   
       CAR                                                                      
----------                                                                      
        10 ASTRONOMIA                                         GF            2   
         3                                                                      
                                                                                
        11 ENSENANZA DE LA MATEMATICA                         GM            2   
         5                                                                      
                                                                                
        12 ANALISIS COMPLEJO                                  GM            4   
         2                                                                      
                                                                                

       CAS A                                                  T           CUR   
---------- -------------------------------------------------- ---- ----------   
       CAR                                                                      
----------                                                                      
        13 ESTADISTICA                                        GII           3   
         7                                                                      
                                                                                

13 rows selected.

SQL> SELECT *
  2  FROM ASIGNATURA;

       CAS A                                                  T           CUR   
---------- -------------------------------------------------- ---- ----------   
       CAR         CT         CP         CL                                     
---------- ---------- ---------- ----------                                     
         1 BASES DE DATOS                                     GII           3   
         7          3        1.5        1.5                                     
                                                                                
         2 INTELIGENCIA ARTIFICIAL                            GII           3   
         4        1.5        1.5          3                                     
                                                                                
         3 ALMACENES DE DATOS                                 MII           1   
         7        1.5          0        1.5                                     
                                                                                

       CAS A                                                  T           CUR   
---------- -------------------------------------------------- ---- ----------   
       CAR         CT         CP         CL                                     
---------- ---------- ---------- ----------                                     
         4 MINERIA DE DATOS                                   MII           1   
         7        1.5          0        1.5                                     
                                                                                
         5 INFORMATICA BASICA                                 GII           1   
         7          3        1.5        1.5                                     
                                                                                
         6 ALGEBRA                                            GII           1   
         1          3          3          0                                     
                                                                                

       CAS A                                                  T           CUR   
---------- -------------------------------------------------- ---- ----------   
       CAR         CT         CP         CL                                     
---------- ---------- ---------- ----------                                     
         7 CALCULO                                            GII           1   
         8          3          3          0                                     
                                                                                
         8 OPTIMIZACION                                       GII           1   
         6          3        1.5        1.5                                     
                                                                                
         9 GESTION DE RIESGOS                                 GII           3   
         4          3          0          3                                     
                                                                                

       CAS A                                                  T           CUR   
---------- -------------------------------------------------- ---- ----------   
       CAR         CT         CP         CL                                     
---------- ---------- ---------- ----------                                     
        10 ASTRONOMIA                                         GF            2   
         3          3        1.5        1.5                                     
                                                                                
        11 ENSENANZA DE LA MATEMATICA                         GM            2   
         5          6          0          0                                     
                                                                                
        12 ANALISIS COMPLEJO                                  GM            4   
         2        4.5          3          0                                     
                                                                                

       CAS A                                                  T           CUR   
---------- -------------------------------------------------- ---- ----------   
       CAR         CT         CP         CL                                     
---------- ---------- ---------- ----------                                     
        13 ESTADISTICA                                        GII           3   
         7          0          0          0                                     
                                                                                

13 rows selected.

SQL> UPDATE VISTA1
  2  SET CAR=6
  3  WHERE CAS=13;

1 row updated.

SQL> SELECT *
  2  FROM VISTA1;

       CAS A                                                  T           CUR   
---------- -------------------------------------------------- ---- ----------   
       CAR                                                                      
----------                                                                      
         1 BASES DE DATOS                                     GII           3   
         7                                                                      
                                                                                
         2 INTELIGENCIA ARTIFICIAL                            GII           3   
         4                                                                      
                                                                                
         3 ALMACENES DE DATOS                                 MII           1   
         7                                                                      
                                                                                

       CAS A                                                  T           CUR   
---------- -------------------------------------------------- ---- ----------   
       CAR                                                                      
----------                                                                      
         4 MINERIA DE DATOS                                   MII           1   
         7                                                                      
                                                                                
         5 INFORMATICA BASICA                                 GII           1   
         7                                                                      
                                                                                
         6 ALGEBRA                                            GII           1   
         1                                                                      
                                                                                

       CAS A                                                  T           CUR   
---------- -------------------------------------------------- ---- ----------   
       CAR                                                                      
----------                                                                      
         7 CALCULO                                            GII           1   
         8                                                                      
                                                                                
         8 OPTIMIZACION                                       GII           1   
         6                                                                      
                                                                                
         9 GESTION DE RIESGOS                                 GII           3   
         4                                                                      
                                                                                

       CAS A                                                  T           CUR   
---------- -------------------------------------------------- ---- ----------   
       CAR                                                                      
----------                                                                      
        10 ASTRONOMIA                                         GF            2   
         3                                                                      
                                                                                
        11 ENSENANZA DE LA MATEMATICA                         GM            2   
         5                                                                      
                                                                                
        12 ANALISIS COMPLEJO                                  GM            4   
         2                                                                      
                                                                                

       CAS A                                                  T           CUR   
---------- -------------------------------------------------- ---- ----------   
       CAR                                                                      
----------                                                                      
        13 ESTADISTICA                                        GII           3   
         6                                                                      
                                                                                

13 rows selected.

SQL> CREATE VIEW VISTA2
  2  AS SELECT
  3  
SQL> CREATE VIEW VISTA 2
  2  AS SELECT DISTINCT(DNI),A,T,CUR,CAR
  3  FROM PLAN_DOCENTE NATURAL JOIN VISTA1;
CREATE VIEW VISTA 2
                  *
ERROR at line 1:
ORA-00905: missing keyword 


SQL> CREATE VIEW VISTA2
  2  AS SELECT DISTINCT(DNI),A,T,CUR,CAR
  3  FROM PLAN_DOCENTE NATURAL JOIN VISTA1;

View created.

SQL> SELECT *
  2  FROM VISTA2;

       DNI A                                                  T           CUR   
---------- -------------------------------------------------- ---- ----------   
       CAR                                                                      
----------                                                                      
      6666 ASTRONOMIA                                         GF            2   
         3                                                                      
                                                                                
      3030 OPTIMIZACION                                       GII           1   
         6                                                                      
                                                                                
      3333 GESTION DE RIESGOS                                 GII           3   
         4                                                                      
                                                                                

       DNI A                                                  T           CUR   
---------- -------------------------------------------------- ---- ----------   
       CAR                                                                      
----------                                                                      
      4444 INFORMATICA BASICA                                 GII           1   
         7                                                                      
                                                                                
      2222 ALMACENES DE DATOS                                 MII           1   
         7                                                                      
                                                                                
      7777 ANALISIS COMPLEJO                                  GM            4   
         2                                                                      
                                                                                

       DNI A                                                  T           CUR   
---------- -------------------------------------------------- ---- ----------   
       CAR                                                                      
----------                                                                      
      9999 CALCULO                                            GII           1   
         8                                                                      
                                                                                
      1010 GESTION DE RIESGOS                                 GII           3   
         4                                                                      
                                                                                
      3333 INTELIGENCIA ARTIFICIAL                            GII           3   
         4                                                                      
                                                                                

       DNI A                                                  T           CUR   
---------- -------------------------------------------------- ---- ----------   
       CAR                                                                      
----------                                                                      
      4444 MINERIA DE DATOS                                   MII           1   
         7                                                                      
                                                                                
      8888 ENSENANZA DE LA MATEMATICA                         GM            2   
         5                                                                      
                                                                                
      1111 OPTIMIZACION                                       GII           1   
         6                                                                      
                                                                                

       DNI A                                                  T           CUR   
---------- -------------------------------------------------- ---- ----------   
       CAR                                                                      
----------                                                                      
      4444 BASES DE DATOS                                     GII           3   
         7                                                                      
                                                                                
      5555 ALGEBRA                                            GII           1   
         1                                                                      
                                                                                
      1010 INTELIGENCIA ARTIFICIAL                            GII           3   
         4                                                                      
                                                                                

       DNI A                                                  T           CUR   
---------- -------------------------------------------------- ---- ----------   
       CAR                                                                      
----------                                                                      
      2020 ALMACENES DE DATOS                                 MII           1   
         7                                                                      
                                                                                
      2222 MINERIA DE DATOS                                   MII           1   
         7                                                                      
                                                                                

17 rows selected.

SQL> UPDATE VISTA2
  2  SET A='LITERATURA' WHERE A='MINERIA DE DATOS';
UPDATE VISTA2
       *
ERROR at line 1:
ORA-01732: data manipulation operation not legal on this view 


SQL> SELECT *
  2  FROM INFORMATION_SCHEMA.TABLES
  3  ;
FROM INFORMATION_SCHEMA.TABLES
                        *
ERROR at line 2:
ORA-00942: table or view does not exist 


SQL> SELECT *
  2  FROM INFORMATION_SCHEMA.VISTA2;
FROM INFORMATION_SCHEMA.VISTA2
                        *
ERROR at line 2:
ORA-00942: table or view does not exist 


SQL> SELECT *
  2  FROM INFORMATION_SCHEMA.ASIGNATURA;
FROM INFORMATION_SCHEMA.ASIGNATURA
                        *
ERROR at line 2:
ORA-00942: table or view does not exist 


SQL> SELECT *
  2  
SQL> SELECT * FROM INFORMATION_SCHEMA.TABLES
  2  ;
SELECT * FROM INFORMATION_SCHEMA.TABLES
                                 *
ERROR at line 1:
ORA-00942: table or view does not exist 


SQL> SELECT *
  2  FROM INFORMATION_SCHEMA.COLUMNS
  3  WHERE TABLE_NAME='ASIGNATURA'
  4  ;
FROM INFORMATION_SCHEMA.COLUMNS
                        *
ERROR at line 2:
ORA-00942: table or view does not exist 


SQL> SELECT OWNER, VIEW_NAME, USER FROM ALL_VIEWS
  2  WHERE VIEW_NAME = 'VISTA2';

OWNER                                                                           
--------------------------------------------------------------------------------
VIEW_NAME                                                                       
--------------------------------------------------------------------------------
USER                                                                            
--------------------------------------------------------------------------------
ALU0100971385                                                                   
VISTA2                                                                          
ALU0100971385                                                                   
                                                                                

SQL> DROP VIEW VISTA1;

View dropped.

SQL> SELECT *
  2  FROM VISTA2;
FROM VISTA2
     *
ERROR at line 2:
ORA-04063: view "ALU0100971385.VISTA2" has errors 


SQL> ROLLBACK VISTA1;
ROLLBACK VISTA1
         *
ERROR at line 1:
ORA-02181: invalid option to ROLLBACK WORK 


SQL> ROLLBACK WORK;

Rollback complete.

SQL> SELECT *
  2  FROM VISTA1;
FROM VISTA1
     *
ERROR at line 2:
ORA-00942: table or view does not exist 


SQL> CREATE INDEX INDICE1
  2  ON PROFESOR(P);

Index created.

SQL> SELECT *
  2  FROM PROFESOR
  3  WHERE P = 'JUAN';

       DNI P                                                                    
---------- ------------------------------------------------------------         
       CAR CAT                                                                  
---------- -----                                                                
      1111 JUAN                                                                 
         6 CU                                                                   
                                                                                

SQL> SELECT DNI
  2  FROM PROFESOR
  3  WHERE P = 'JUAN';

       DNI                                                                      
----------                                                                      
      1111                                                                      

SQL> DROP INDEX INDICE1;

Index dropped.

SQL> CREATE INDEX INDICE2
  2  ON VISTA1(CAR);
ON VISTA1(CAR)
   *
ERROR at line 2:
ORA-00942: table or view does not exist 


SQL> GRANT SELECT
  2  ON DEPARTAMENTO,AREA,ASIGNATURA,TITULACION
  3  TO alumno;
ON DEPARTAMENTO,AREA,ASIGNATURA,TITULACION
               *
ERROR at line 2:
ORA-00990: missing or invalid privilege 


SQL> GRANT SELECT
  2  ON DEPARTAMENTO
  3  TO alumno;

Grant succeeded.

SQL> GRANT SELECT
  2  ON AREA
  3  TO alumno;

Grant succeeded.

SQL> GRANT SELECT
  2  ON ASIGNATURA
  3  TO alumno;

Grant succeeded.

SQL> GRANT SELECT
  2  ON TITULACION
  3  TO alumno;

Grant succeeded.

SQL> GRANT INSERT, DELETE, UPDATE
  2  ON DEPARTAMENTO
  3  TO alumno;

Grant succeeded.

SQL> GRANT INSERT, DELETE, UPDATE
  2  ON AREA
  3  TO alumno;

Grant succeeded.

SQL> GRANT UPDATE
  2  ON ASIGNATURA
  3  TO alumno;

Grant succeeded.

SQL> GRANT UPDATE
  2  ON TITULACION
  3  TO alumno;

Grant succeeded.

SQL> COMMIT WORK;

Commit complete.

SQL> SPOOL OFF;
SQL> REVOKE SELECT
  2  ON
  3  
SQL> 
SQL> REVOKE ALL PRIVILEGES
  2  ON DEPARTAMENTO
  3  FROM alumno;

Revoke succeeded.

SQL> REVOKE ALL PRIVILEGES
  2  ON AREA
  3  FROM alumno;

Revoke succeeded.

SQL> REVOKE ALL PRIVILEGES
  2  ON ASIGNATURA
  3  FROM alumno;

Revoke succeeded.

SQL> REVOKE ALL PRIVILEGES
  2  ON TITULACION
  3  FROM alumno;

Revoke succeeded.

SQL> SPOOL OFF
