SQL> SET SERVEROUTPUT ON
SQL> DECLARE
  2  i NUMBER := 1;
  3  i3 NUMBER;
  4  BEGIN
  5  WHILE i<=10 LOOP
  6  i3 := i**3;
  7  DBMS_OUTPUT.PUT_LINE('i: ' || i || ' cubo' || i3);
  8  i := i + 1;
  9  END LOPP;
 10  END;
 11  /
END LOPP;
    *
ERROR at line 9:
ORA-06550: line 9, column 5: 
PLS-00103: Encountered the symbol "LOPP" when expecting one of the following: 
loop 
The symbol "loop" was substituted for "LOPP" to continue. 


SQL> DECLARE
  2  i NUMBER := 1;
  3  i3 NUMBER;
  4  BEGIN
  5  WHILE i<=10 LOOP
  6  i3 := i**3;
  7  DBMS_OUTPUT.PUT_LINE('i: ' || i || ' cubo' || i3);
  8  i := i + 1;
  9  END LOOP;
 10  END;
 11  /
i: 1 cubo1                                                                      
i: 2 cubo8                                                                      
i: 3 cubo27                                                                     
i: 4 cubo64                                                                     
i: 5 cubo125                                                                    
i: 6 cubo216                                                                    
i: 7 cubo343                                                                    
i: 8 cubo512                                                                    
i: 9 cubo729                                                                    
i: 10 cubo1000                                                                  

PL/SQL procedure successfully completed.

SQL> DECLARE
  2  i3 NUMBER;
  3  BEGIN
  4  FOR i IN 1..10 LOOP
  5  i3 := i**3;
  6  DBMS_OUTPUT.PUT_LINE('i: ' || i || ' cubo' || i3);
  7  END LOOP;
  8  END;
  9  /
i: 1 cubo1                                                                      
i: 2 cubo8                                                                      
i: 3 cubo27                                                                     
i: 4 cubo64                                                                     
i: 5 cubo125                                                                    
i: 6 cubo216                                                                    
i: 7 cubo343                                                                    
i: 8 cubo512                                                                    
i: 9 cubo729                                                                    
i: 10 cubo1000                                                                  

PL/SQL procedure successfully completed.

SQL> DECLARE
  2  i3 NUMBER;
  3  BEGIN
  4  FOR i IN 1..10 LOOP
  5  i3 := i**3;
  6  DBMS_OUTPUT.PUT_LINE('i: ' || i || ' cubo' || i3);
  7  END LOOP;
  8  END;
  9  /
i: 1 cubo1                                                                      
i: 2 cubo8                                                                      
i: 3 cubo27                                                                     
i: 4 cubo64                                                                     
i: 5 cubo125                                                                    
i: 6 cubo216                                                                    
i: 7 cubo343                                                                    
i: 8 cubo512                                                                    
i: 9 cubo729                                                                    
i: 10 cubo1000                                                                  

PL/SQL procedure successfully completed.

SQL> DECLARE
  2  i3 NUMBER;
  3  BEGIN
  4  FOR i IN REVERSE 1..10 LOOP
  5  i3 := i**3;
  6  DBMS_OUTPUT.PUT_LINE('i: ' || i || ' cubo' || i3);
  7  END LOOP;
  8  END;
  9  /
i: 10 cubo1000                                                                  
i: 9 cubo729                                                                    
i: 8 cubo512                                                                    
i: 7 cubo343                                                                    
i: 6 cubo216                                                                    
i: 5 cubo125                                                                    
i: 4 cubo64                                                                     
i: 3 cubo27                                                                     
i: 2 cubo8                                                                      
i: 1 cubo1                                                                      

PL/SQL procedure successfully completed.

SQL> DECLARE
  2  CURSOR C_PROF IS
  3  SELECT ^
  4  
  5  
  6  
  7  
  8  
  9  
 10  ;
 11  /
SELECT ^
       *
ERROR at line 3:
ORA-06550: line 3, column 8: 
PL/SQL: ORA-00936: missing expression 
ORA-06550: line 3, column 1: 
PL/SQL: SQL Statement ignored 
ORA-06550: line 10, column 1: 
PLS-00103: Encountered the symbol "end-of-file" when expecting one of the 
following: 
begin function pragma procedure subtype type <an identifier> 
<a double-quoted delimited-identifier> current cursor delete 
exists prior 


SQL> DECLARE
  2  CURSOR C_PROF IS
  3  SELECT *
  4  FROM PROFESOR;
  5  v_prof PROFESOR%ROWTYPE;
  6  BEGIN
  7  OPEN C_PROF;
  8  LOOP
  9  FETCH C_PROP INTO v_prof;
 10  EXIT WHEN C_PROF%NOTFOUND;
 11  DBMS_OUTPUT.PUT_LINE('DNI: ' || v_prof.DNI)
 12  END LOOP;
 13  CLOSE C_PROF;
 14  END;
 15  /
END LOOP;
*
ERROR at line 12:
ORA-06550: line 12, column 1: 
PLS-00103: Encountered the symbol "END" when expecting one of the following: 
:= . ( % ; 
The symbol ";" was substituted for "END" to continue. 


SQL> DECLARE
  2  CURSOR C_PROF IS
  3  SELECT *
  4  FROM PROFESOR;
  5  v_prof PROFESOR%ROWTYPE;
  6  BEGIN
  7  OPEN C_PROF;
  8  LOOP
  9  FETCH C_PROP INTO v_prof;
 10  EXIT WHEN C_PROF%NOTFOUND;
 11  DBMS_OUTPUT.PUT_LINE('DNI: ' || v_prof.DNI);
 12  END LOOP;
 13  CLOSE C_PROF;
 14  END;
 15  /
FETCH C_PROP INTO v_prof;
      *
ERROR at line 9:
ORA-06550: line 9, column 7: 
PLS-00201: identifier 'C_PROP' must be declared 
ORA-06550: line 9, column 1: 
PL/SQL: SQL Statement ignored 


SQL> DECLARE
  2  CURSOR C_PROF IS
  3  SELECT *
  4  FROM PROFESOR;
  5  v_prof PROFESOR%ROWTYPE;
  6  BEGIN
  7  OPEN C_PROF;
  8  LOOP
  9  FETCH C_PROF INTO v_prof;
 10  EXIT WHEN C_PROF%NOTFOUND;
 11  DBMS_OUTPUT.PUT_LINE('DNI: ' || v_prof.DNI);
 12  END LOOP;
 13  CLOSE C_PROF;
 14  END;
 15  /
DNI: 1111                                                                       
DNI: 2222                                                                       
DNI: 3333                                                                       
DNI: 4444                                                                       
DNI: 5555                                                                       
DNI: 6666                                                                       
DNI: 7777                                                                       
DNI: 8888                                                                       
DNI: 9999                                                                       
DNI: 1010                                                                       
DNI: 2020                                                                       
DNI: 3030                                                                       
DNI: 4040                                                                       
DNI: 5050                                                                       

PL/SQL procedure successfully completed.

SQL> PORFIN JKODER
SP2-0734: unknown command beginning "PORFIN JKO..." - rest of line ignored.
SQL> DECLARE
  2  CURSOR C_PROF IS
  3  SELECT *
  4  FROM PROFESOR;
  5  v_prof PROFESOR%ROWTYPE;
  6  BEGIN
  7  FOR v_prof IN C_PROF LOOP
  8  DBMS_OUTPUT.PUT_LINE('DNI: ' || v_prof.DNI);
  9  END LOOP;
 10  END;
 11  /
DNI: 1111                                                                       
DNI: 2222                                                                       
DNI: 3333                                                                       
DNI: 4444                                                                       
DNI: 5555                                                                       
DNI: 6666                                                                       
DNI: 7777                                                                       
DNI: 8888                                                                       
DNI: 9999                                                                       
DNI: 1010                                                                       
DNI: 2020                                                                       
DNI: 3030                                                                       
DNI: 4040                                                                       
DNI: 5050                                                                       

PL/SQL procedure successfully completed.

SQL> SELECT AR
  2  FROM AREA
  3  WHERE CD = 1;

AR                                                                              
------------------------------------------------------------                    
ANALISIS MATEMATICO                                                             
DIDACTICA DE LA MATEMATICA                                                      
MATEMATICA APLICADA                                                             

SQL> CREATE PROCEDURE AR1(V_CD IN DEPARTAMENTO.CD % TYPE)
  2  IS
  3  DECLARE
  4  CURSOR AREAS IS
  5  SELECT *^
  6  FROM AREA
  7  WHERE CD = V_CD;
  8  v_area := AREA%ROWTYPE;
  9  BEGIN
 10  FOR v_area IN AREAS LOOP
 11  DBMS_OUTPUT.PUT_LINE('Area: ' || v_area.AR);
 12  END LOOP;
 13  END;
 14  /

Warning: Procedure created with compilation errors.

SQL> CREATE PROCEDURE AR1(V_CD IN DEPARTAMENTO.CD % TYPE)
  2  IS
  3  DECLARE
  4  CURSOR AREAS IS
  5  SELECT *
  6  FROM AREA
  7  WHERE CD = V_CD;
  8  v_area := AREA%ROWTYPE;
  9  BEGIN
 10  FOR v_area IN AREAS LOOP
 11  DBMS_OUTPUT.PUT_LINE('Area: ' || v_area.AR);
 12  END LOOP;
 13  END;
 14  /
CREATE PROCEDURE AR1(V_CD IN DEPARTAMENTO.CD % TYPE)
                 *
ERROR at line 1:
ORA-00955: name is already used by an existing object 


SQL> DROP PROCEDURE AR1
  2  ;

Procedure dropped.

SQL> CREATE PROCEDURE AR1(V_CD IN DEPARTAMENTO.CD % TYPE)
  2  IS
  3  DECLARE
  4  CURSOR AREAS IS
  5  SELECT *
  6  FROM AREA
  7  WHERE CD = V_CD;
  8  v_area := AREA%ROWTYPE;
  9  BEGIN
 10  FOR v_area IN AREAS LOOP
 11  DBMS_OUTPUT.PUT_LINE('Area: ' || v_area.AR);
 12  END LOOP;
 13  END;
 14  /

Warning: Procedure created with compilation errors.

SQL> SELECT *
  2  FROM AREA
  3  WHERE CD = 1;

       CAR AR                                                                   
---------- ------------------------------------------------------------         
        CD                                                                      
----------                                                                      
         2 ANALISIS MATEMATICO                                                  
         1                                                                      
                                                                                
         5 DIDACTICA DE LA MATEMATICA                                           
         1                                                                      
                                                                                
         8 MATEMATICA APLICADA                                                  
         1                                                                      
                                                                                

SQL> SPOOL OFF
