SQL> SELECT SYSDATE
  2  FROM DUAL;

SYSDATE                                                                         
---------                                                                       
21-NOV-18                                                                       

SQL> SELECT TIMESTAMP
  2  FROM DUAL;
SELECT TIMESTAMP
       *
ERROR at line 1:
ORA-00904: "TIMESTAMP": invalid identifier 


SQL> SELECT SYSTIMESTAMP
  2  FROM DUAL;

SYSTIMESTAMP                                                                    
---------------------------------------------------------------------------     
21-NOV-18 01.19.57.467365 PM +00:00                                             

SQL> SELECT CURRENT_TIMESTAMP
  2  FROM DUAL;

CURRENT_TIMESTAMP                                                               
---------------------------------------------------------------------------     
21-NOV-18 01.20.55.549783 PM +00:00                                             

SQL> SELECT TO_CHAR(SYSDATE, 'HH:MI:SS')
  2  FROM DUAL;

TO_CHAR(                                                                        
--------                                                                        
01:24:18                                                                        

SQL> SELECT TO_CHAR(SYSDATE, 'DDD')
  2  FROM DUAL;

TO_                                                                             
---                                                                             
325                                                                             

SQL> SELECT TO_CHAR(SYSDATE, 'DAY')
  2  FROM DUAL;

TO_CHAR(SYSDATE,'DAY')                                                          
------------------------------------                                            
WEDNESDAY                                                                       

SQL> SELECT TO_CHAR(SYSDATE, 'DAY:DD:MONTH:YEAR')
  2  FROM DUAL;

TO_CHAR(SYSDATE,'DAY:DD:MONTH:YEAR')                                            
--------------------------------------------------------------------------------
WEDNESDAY:21:NOVEMBER :TWENTY EIGHTEEN                                          

SQL> SELECT TO_CHAR(SYSDATE, 'DAY:DD:MONTH:YYY')
  2  FROM DUAL;

TO_CHAR(SYSDATE,'DAY:DD:MONTH:YYY')                                             
--------------------------------------------------------------------------------
WEDNESDAY:21:NOVEMBER :018                                                      

SQL> SELECT TO_CHAR(SYSDATE, 'DAY:DD:MONTH:YYYY')
  2  FROM DUAL;

TO_CHAR(SYSDATE,'DAY:DD:MONTH:YYYY')                                            
--------------------------------------------------------------------------------
WEDNESDAY:21:NOVEMBER :2018                                                     

SQL> LISTO JEJE
SP2-0042: unknown command "LISTO JEJE" - rest of line ignored.
SQL> SELECT TO_CHAR(SYSDATE, 'HH24:MI:SS')
  2  FROM DUAL;

TO_CHAR(                                                                        
--------                                                                        
13:27:46                                                                        

SQL> SELECT (TO_CHAR(SYSDATE, 'DD:MM:YY') FROM DUAL) - '01-12-2017';
SELECT (TO_CHAR(SYSDATE, 'DD:MM:YY') FROM DUAL) - '01-12-2017'
                                     *
ERROR at line 1:
ORA-00907: missing right parenthesis 


SQL> SELECT (TO_CHAR(SYSDATE, 'DD:MM:YY') FROM DUAL) - '01-12-17';
SELECT (TO_CHAR(SYSDATE, 'DD:MM:YY') FROM DUAL) - '01-12-17'
                                     *
ERROR at line 1:
ORA-00907: missing right parenthesis 


SQL> SELECT (TO_CHAR(SYSDATE, 'DD:MM:YY') FROM DUAL) - '01:12:17';
SELECT (TO_CHAR(SYSDATE, 'DD:MM:YY') FROM DUAL) - '01:12:17'
                                     *
ERROR at line 1:
ORA-00907: missing right parenthesis 


SQL> SELECT TO_CHAR(SYSDATE, 'DD:MM:YY') - '01:12:17'
  2  FROM DUAL;
SELECT TO_CHAR(SYSDATE, 'DD:MM:YY') - '01:12:17'
       *
ERROR at line 1:
ORA-01722: invalid number 


SQL> SELECT TO_CHAR(SYSDATE, 'DD:MM:YY') - '01-12-17'
  2  FROM DUAL;
SELECT TO_CHAR(SYSDATE, 'DD:MM:YY') - '01-12-17'
       *
ERROR at line 1:
ORA-01722: invalid number 


SQL> SELECT SYSDATE - '01-12-17'
  2  FROM DUAL;
SELECT SYSDATE - '01-12-17'
                 *
ERROR at line 1:
ORA-01722: invalid number 


SQL> SELECT DATEDIFF(day, SYSDATE, '01-12-17');
SELECT DATEDIFF(day, SYSDATE, '01-12-17')
                                        *
ERROR at line 1:
ORA-00923: FROM keyword not found where expected 


SQL> SELECT DATEDIFF(day, SYSDATE, '01-12-17');
SELECT DATEDIFF(day, SYSDATE, '01-12-17')
                                        *
ERROR at line 1:
ORA-00923: FROM keyword not found where expected 


SQL> SELECT DATEDIFF(day, SYSDATE, '01-12-17')
  2  FROM DUAL;
SELECT DATEDIFF(day, SYSDATE, '01-12-17')
       *
ERROR at line 1:
ORA-00904: "DATEDIFF": invalid identifier 


SQL> SELECT SYSDATE - FI
  2  FROM PLAN_DOCENTE
  3  WHERE (CAS = 11) AND (DNI = 8888);

SYSDATE-FI                                                                      
----------                                                                      
3368.56881                                                                      

SQL> SELECT P
  2  FROM PROFESOR
  3  WHERE DNI IN (SELECT DNI
  4  
SQL> 
SQL> SELECT P
  2  FROM PROFESOR
  3  WHERE DNI IN (SELECT DISTINCT DNI
  4  FROM PLAN_DOCENTE
  5  WHERE (SYSDATE - FI > 365));

P                                                                               
------------------------------------------------------------                    
JUAN                                                                            
CARLOS                                                                          
PEDRO                                                                           
MARIA                                                                           
IVAN                                                                            
CARMEN                                                                          
MARIO                                                                           
FRANCISCO                                                                       
ANGELA                                                                          
DAVID                                                                           
SOLEDAD                                                                         

P                                                                               
------------------------------------------------------------                    
JOSE MANUEL                                                                     

12 rows selected.

SQL> SELECT P
  2  FROM PROFESOR
  3  WHERE DNI IN (SELECT DISTINCT DNI
  4  FROM PLAN_DOCENTE
  5  WHERE (SYSDATE - FI) > 365);

P                                                                               
------------------------------------------------------------                    
JUAN                                                                            
CARLOS                                                                          
PEDRO                                                                           
MARIA                                                                           
IVAN                                                                            
CARMEN                                                                          
MARIO                                                                           
FRANCISCO                                                                       
ANGELA                                                                          
DAVID                                                                           
SOLEDAD                                                                         

P                                                                               
------------------------------------------------------------                    
JOSE MANUEL                                                                     

12 rows selected.

SQL> SELECT DISTINCT DNI
  2  FROM PLAN_DOCENTE
  3  WHERE
  4  
SQL> SELECT P
  2  FROM PROFESOR
  3  WHERE DNI IN (SELECT DISTINCT DNI
  4  FROM PLAN_DOCENTE
  5  WHERE (FF - FI) > 365);

P                                                                               
------------------------------------------------------------                    
JUAN                                                                            
MARIA                                                                           
CARMEN                                                                          
DAVID                                                                           

SQL> SELECT PINGA
  2  
SQL> 
SQL> SELECT P
  2  
SQL> 
SQL> SELECT DISTINCT DNI
  2  FROM (SELECT DNI
  3  FROM PLAN_DOCENTE
  4  WHERE (SYSDATE - FI) > 365),(SELECT DNI
  5  
SQL> 
SQL> SELECT DISTINCT DNI
  2  FROM (SELECT DNI
  3  FROM PLAN_DOCENTE
  4  WHERE (SYSDATE - FI) > 365) - (SELECT DNI
  5  FROM PLAN_DOCENTE
  6  WHERE (FF - FI) > 365);
WHERE (SYSDATE - FI) > 365) - (SELECT DNI
                            *
ERROR at line 4:
ORA-00933: SQL command not properly ended 


SQL> SELECT DISTINCT DNI
  2  FROM (SELECT DNI
  3  FROM PLAN_DOCENTE
  4  WHERE (SYSDATE - FI) > 365) - (SELECT DNI FROM PLAN_DOCENTE WHERE (FF - FI) > 365);
WHERE (SYSDATE - FI) > 365) - (SELECT DNI FROM PLAN_DOCENTE WHERE (FF - FI) > 365)
                            *
ERROR at line 4:
ORA-00933: SQL command not properly ended 


SQL> SELECT DISTINCT DNI
  2  FROM (SELECT DNI
  3  FROM PLAN_DOCENTE
  4  
SQL> 
SQL> 
SQL> SPOOL OFF
SQL> SELECT DISTINCT DNI
  2  FROM PLAN_DOCENTE
  3  WHERE (FF-FI > 365)
  4  MINUS
  5  SELECT DISTINCT DNI
  6  FROM PLAN_DOCENTE
  7  WHERE(SYSDATE-FI > 365);

no rows selected

SQL> SELECT DISTINCT DNI
  2  FROM PLAN_DOCENTE
  3  WHERE(SYSDATE-FI > 365);

       DNI                                                                      
----------                                                                      
      1010                                                                      
      1111                                                                      
      2020                                                                      
      2222                                                                      
      3030                                                                      
      3333                                                                      
      4444                                                                      
      5555                                                                      
      6666                                                                      
      7777                                                                      
      8888                                                                      

       DNI                                                                      
----------                                                                      
      9999                                                                      

12 rows selected.

SQL> SELECT P
  2  FROM PROFESOR
  3  WHERE DNI IN (SELECT DISTINCT DNI
  4  FROM PLAN_DOCENTE
  5  WHERE (SYSDATE-FI > 365)
  6  MINUS
  7  SELECT DISTINCT DNI
  8  FROM PLAN_DOCENTE
  9  WHERE (FF-FI < 365));

P                                                                               
------------------------------------------------------------                    
JUAN                                                                            
PEDRO                                                                           
MARIA                                                                           
IVAN                                                                            
CARMEN                                                                          
MARIO                                                                           
FRANCISCO                                                                       
ANGELA                                                                          
SOLEDAD                                                                         
JOSE MANUEL                                                                     

10 rows selected.

SQL> PORFIN
SP2-0042: unknown command "PORFIN" - rest of line ignored.
SQL> ESEERAEL6
SP2-0042: unknown command "ESEERAEL6" - rest of line ignored.
SQL> SELECT COUNT DISTINCT DNI
  2  FROM PLAN_DOCENTE
  3  WHERE CAS IN (SELECT CAS
  4  FROM ASIGNATURA
  5  WHERE CAR IN (SELECT CAR
  6  FROM AREA
  7  WHERE CD IN (SELECT CD
  8  FROM DEPARTAMENTO
  9  WHERE D = 'ASTROFISICA')));
SELECT COUNT DISTINCT DNI
             *
ERROR at line 1:
ORA-00923: FROM keyword not found where expected 


SQL> SELECT *
  2  FROM PROFESOR;

       DNI P                                                                    
---------- ------------------------------------------------------------         
       CAR CAT                                                                  
---------- -----                                                                
      1111 JUAN                                                                 
         6 CU                                                                   
                                                                                
      2222 CARLOS                                                               
         7 TU                                                                   
                                                                                
      3333 PEDRO                                                                
         4 TEU                                                                  
                                                                                

       DNI P                                                                    
---------- ------------------------------------------------------------         
       CAR CAT                                                                  
---------- -----                                                                
      4444 MARIA                                                                
         7 TU                                                                   
                                                                                
      5555 IVAN                                                                 
         1 CEU                                                                  
                                                                                
      6666 CARMEN                                                               
         3 CD                                                                   
                                                                                

       DNI P                                                                    
---------- ------------------------------------------------------------         
       CAR CAT                                                                  
---------- -----                                                                
      7777 MARIO                                                                
         2 TU                                                                   
                                                                                
      8888 FRANCISCO                                                            
         5 TU                                                                   
                                                                                
      9999 ANGELA                                                               
         8 TEU                                                                  
                                                                                

       DNI P                                                                    
---------- ------------------------------------------------------------         
       CAR CAT                                                                  
---------- -----                                                                
      1010 DAVID                                                                
         4 TU                                                                   
                                                                                
      2020 SOLEDAD                                                              
         7 CU                                                                   
                                                                                
      3030 JOSE MANUEL                                                          
         6 TEU                                                                  
                                                                                

12 rows selected.

SQL> SELECT COUNT(DNI)
  2  FROM PROFESOR
  3  WHERE CAR IN (SELECT CAR
  4  FROM AREA
  5  WHERE CD IN (SELECT CD
  6  FROM DEPARTAMENTO
  7  WHERE D = 'ASTROFISICA'));

COUNT(DNI)                                                                      
----------                                                                      
         1                                                                      

SQL> lsito
SP2-0042: unknown command "lsito" - rest of line ignored.
SQL> SELECT D,COUNT(DNI)
  2  FROM DEPARTAMENTO D1, PROFESOR
  3  WHERE PROFESOR.CAR IN (SELECT CAR
  4  FROM AREA
  5  WHERE CD IN (SELECT CD
  6  FROM DEPARTAMENTO D2
  7  WHERE D1.D = D2.D));
SELECT D,COUNT(DNI)
       *
ERROR at line 1:
ORA-00937: not a single-group group function 


SQL> SELECT P
  2  FROM PROFESOR
  3  WHERE DNI IN (SELECT DISTINCT DNI
  4  FROM PLAN_DOCENTE
  5  WHERE
  6  
SQL> SPOOL OFF
SQL> SELECT P
  2  FROM PROFESOR
  3  WHERE DNI IN (DISTINCT DNI
  4  FROM PLAN_DOCENTE
  5  WHERE (FF IS NULL) AND (SYSDATE - FI > 365))
  6  UNION
  7  SELECT P
  8  FROM PROFESOR
  9  WHERE DNI IN (DISTINCT DNI
 10  FROM PLAN_DOCENTE
 11  WHERE (FF IS NOT NULL) AND (FF - FI > 365));
WHERE DNI IN (DISTINCT DNI
              *
ERROR at line 3:
ORA-00936: missing expression 


SQL> SELECT P
  2  FROM PROFESOR
  3  WHERE DNI IN (SELECT DISTINCT DNI
  4  FROM PLAN_DOCENTE
  5  WHERE (FF IS NULL) AND (SYSDATE - FI > 365))
  6  UNION
  7  SELECT P
  8  FROM PROFESOR
  9  WHERE DNI IN (SELECT DISTINCT DNI
 10  FROM PLAN_DOCENTE
 11  WHERE (FF IS NOT NULL) AND (FF - FI > 365));

P                                                                               
------------------------------------------------------------                    
ANGELA                                                                          
CARLOS                                                                          
CARMEN                                                                          
DAVID                                                                           
FRANCISCO                                                                       
IVAN                                                                            
JOSE MANUEL                                                                     
JUAN                                                                            
MARIA                                                                           
MARIO                                                                           
PEDRO                                                                           

P                                                                               
------------------------------------------------------------                    
SOLEDAD                                                                         

12 rows selected.

SQL> SELECT COUNT(P)
  2  FROM PROFESOR
  3  WHERE CAR IN (SELECT DISTINCT CAR
  4  FROM AREA
  5  WHERE CD IN (SELECT CD
  6  FROM DEPARTAMENTO
  7  WHERE D = 'ASTROFISICA'));

  COUNT(P)                                                                      
----------                                                                      
         1                                                                      

SQL> SELECT D, COUNT(P)
  2  FROM DEPARTAMENTO D1, PROFESOR
  3  WHERE CAR IN (SELECT CAR
  4  FROM AREA
  5  WHERE CD IN (SELECT CD
  6  FROM DEPARTAMENTO D2
  7  WHERE D1.D = D2.D));
SELECT D, COUNT(P)
       *
ERROR at line 1:
ORA-00937: not a single-group group function 


SQL> SELECT D, COUNT(P)
  2  FROM DEPARTAMENTO D1, PROFESOR
  3  WHERE PROFESOR.CAR IN (SELECT CAR
  4  FROM AREA
  5  WHERE CD IN (SELECT CD
  6  FROM DEPARTAMENTO D2
  7  WHERE D1.D = D2.D));
SELECT D, COUNT(P)
       *
ERROR at line 1:
ORA-00937: not a single-group group function 


SQL> SELECT D, COUNT(DNI)
  2  FROM PROFESOR PR, DEPARTAMENTO DE, AREA ARE
  3  WHERE (PR.CAR = ARE.CAR) AND (DE.CD = ARE.CD)
  4  GROUP BY D
  5  ORDER BY D ASC;

D                                                            COUNT(DNI)         
------------------------------------------------------------ ----------         
ANALISIS MATEMATICO                                                   3         
ASTROFISICA                                                           1         
ESTADISTICA, INVESTIGACION OPERATIVA Y COMPUTACION                    7         
MATEMATICA FUNDAMENTAL                                                1         

SQL> COMMIT WORK;

Commit complete.

SQL> SPOOL OFF;
